     VMA      LMA     Size Align Out     In      Symbol
       0        0        0     1 RESERVE_ICACHE = 0x8000
       0        0        0     1 RESERVE_RTC_FAST = 0
       0        0        0     1 RESERVE_RTC_SLOW = 0
       0        0        0     1 STACK_SIZE = 8k
       0        0        0     1 VECTORS_SIZE = 0x400
       0        0        0     1 PROVIDE ( rom_config_instruction_cache_mode = 0x40001a1c )
600fe000 600fe000        0     1 .rtc_fast.text
600fe000 600fe000        0     1         . = ALIGN ( 4 )
600fe000 600fe000        0     1 .rtc_fast.dummy
600fe000 600fe000        0     1         _rtc_dummy_start = ABSOLUTE ( . )
600fe000 600fe000        0     1         . += SIZEOF ( .rtc_fast.text )
600fe000 600fe000        0     1         _rtc_dummy_end = ABSOLUTE ( . )
600fe000 600fe000        0     1 .rtc_fast.data
600fe000 600fe000        0     1         . = ALIGN ( 4 )
600fe000 600fe000        0     1         _rtc_fast_data_start = ABSOLUTE ( . )
600fe000 600fe000        0     1         _rtc_fast_data_end = ABSOLUTE ( . )
600fe000 600fe000        0     1 .rtc_fast.bss
600fe000 600fe000        0     1         . = ALIGN ( 4 )
600fe000 600fe000        0     1         _rtc_fast_bss_start = ABSOLUTE ( . )
600fe000 600fe000        0     1         _rtc_fast_bss_end = ABSOLUTE ( . )
600fe000 600fe000        0     1 .rtc_fast.noinit
600fe000 600fe000        0     1         . = ALIGN ( 4 )
50000000 50000000        0     1 .rtc_slow.text
50000000 50000000        0     1         . = ALIGN ( 4 )
50000000 50000000        0     1 .rtc_slow.data
50000000 50000000        0     1         . = ALIGN ( 4 )
50000000 50000000        0     1         _rtc_slow_data_start = ABSOLUTE ( . )
50000000 50000000        0     1         _rtc_slow_data_end = ABSOLUTE ( . )
50000000 50000000        0     1 .rtc_slow.bss
50000000 50000000        0     1         . = ALIGN ( 4 )
50000000 50000000        0     1         _rtc_slow_bss_start = ABSOLUTE ( . )
50000000 50000000        0     1         _rtc_slow_bss_end = ABSOLUTE ( . )
50000000 50000000        0     1 .rtc_slow.noinit
50000000 50000000        0     1         . = ALIGN ( 4 )
3f500000 3f500000        0     1 .external.data
3f500000 3f500000        0     1         _external_data_start = ABSOLUTE ( . )
3f500000 3f500000        0     1         . = ALIGN ( 4 )
3f500000 3f500000        0     1         _external_data_end = ABSOLUTE ( . )
3f500000 3f500000        0     1 .external.bss
3f500000 3f500000        0     1         _external_bss_start = ABSOLUTE ( . )
3f500000 3f500000        0     1         . = ALIGN ( 4 )
3f500000 3f500000        0     1         _external_bss_end = ABSOLUTE ( . )
3f500000 3f500000        0     1 .external.noinit
3f500000 3f500000        0     1         . = ALIGN ( 4 )
3f500000 3f500000        0     1 .external_heap_start
3f500000 3f500000        0     1         . = ALIGN ( 4 )
3f500000 3f500000        0     1         _external_heap_start = ABSOLUTE ( . )
3f500000 3f500000        0     1 _external_ram_start = ABSOLUTE ( ORIGIN ( psram_seg ) )
3f500000 3f500000        0     1 _external_ram_end = ABSOLUTE ( ORIGIN ( psram_seg ) + LENGTH ( psram_seg ) )
3f500000 3f500000        0     1 _heap_end = ABSOLUTE ( ORIGIN ( dram_seg ) ) + LENGTH ( dram_seg ) + LENGTH ( reserved_for_boot_seg ) - 2 * STACK_SIZE
3f500000 3f500000        0     1 _text_heap_end = ABSOLUTE ( ORIGIN ( iram_seg ) + LENGTH ( iram_seg ) )
3f500000 3f500000        0     1 _external_heap_end = ABSOLUTE ( ORIGIN ( psram_seg ) + LENGTH ( psram_seg ) )
3f500000 3f500000        0     1 _stack_start_cpu1 = _heap_end
3f500000 3f500000        0     1 _stack_end_cpu1 = _stack_start_cpu1 + STACK_SIZE
3f500000 3f500000        0     1 _stack_start_cpu0 = _stack_end_cpu1
3f500000 3f500000        0     1 _stack_end_cpu0 = _stack_start_cpu0 + STACK_SIZE
3f500000 3f500000        0     1 PROVIDE ( WIFI_MAC = DefaultHandler )
3f500000 3f500000        0     1 PROVIDE ( WIFI_NMI = DefaultHandler )
3f500000 3f500000        0     1 PROVIDE ( WIFI_BB = DefaultHandler )
3f500000 3f500000        0     1 PROVIDE ( BT_MAC = DefaultHandler )
3f500000 3f500000        0     1 PROVIDE ( BT_BB = DefaultHandler )
3f500000 3f500000        0     1 PROVIDE ( BT_BB_NMI = DefaultHandler )
3f500000 3f500000        0     1 PROVIDE ( RWBT = DefaultHandler )
3f500000 3f500000        0     1 PROVIDE ( RWBLE = DefaultHandler )
3f500000 3f500000        0     1 PROVIDE ( RWBT_NMI = DefaultHandler )
3f500000 3f500000        0     1 PROVIDE ( RWBLE_NMI = DefaultHandler )
3f500000 3f500000        0     1 PROVIDE ( I2C_MST = DefaultHandler )
3f500000 3f500000        0     1 PROVIDE ( UHCI0 = DefaultHandler )
3f500000 3f500000        0     1 PROVIDE ( GPIO = DefaultHandler )
3f500000 3f500000        0     1 PROVIDE ( GPIO_NMI = DefaultHandler )
3f500000 3f500000        0     1 PROVIDE ( SPI1 = DefaultHandler )
3f500000 3f500000        0     1 PROVIDE ( SPI2 = DefaultHandler )
3f500000 3f500000        0     1 PROVIDE ( SPI3 = DefaultHandler )
3f500000 3f500000        0     1 PROVIDE ( I2S0 = DefaultHandler )
3f500000 3f500000        0     1 PROVIDE ( I2S1 = DefaultHandler )
3f500000 3f500000        0     1 PROVIDE ( UART0 = DefaultHandler )
3f500000 3f500000        0     1 PROVIDE ( UART1 = DefaultHandler )
3f500000 3f500000        0     1 PROVIDE ( UART2 = DefaultHandler )
3f500000 3f500000        0     1 PROVIDE ( PWM0 = DefaultHandler )
3f500000 3f500000        0     1 PROVIDE ( PWM1 = DefaultHandler )
3f500000 3f500000        0     1 PROVIDE ( LEDC = DefaultHandler )
3f500000 3f500000        0     1 PROVIDE ( EFUSE = DefaultHandler )
3f500000 3f500000        0     1 PROVIDE ( RTC_CORE = DefaultHandler )
3f500000 3f500000        0     1 PROVIDE ( RMT = DefaultHandler )
3f500000 3f500000        0     1 PROVIDE ( PCNT = DefaultHandler )
3f500000 3f500000        0     1 PROVIDE ( I2C_EXT0 = DefaultHandler )
3f500000 3f500000        0     1 PROVIDE ( I2C_EXT1 = DefaultHandler )
3f500000 3f500000        0     1 PROVIDE ( TWAI = DefaultHandler )
3f500000 3f500000        0     1 PROVIDE ( TG0_T0_LEVEL = DefaultHandler )
3f500000 3f500000        0     1 PROVIDE ( TG0_T1_LEVEL = DefaultHandler )
3f500000 3f500000        0     1 PROVIDE ( TG0_WDT_LEVEL = DefaultHandler )
3f500000 3f500000        0     1 PROVIDE ( TG1_T0_LEVEL = DefaultHandler )
3f500000 3f500000        0     1 PROVIDE ( TG1_T1_LEVEL = DefaultHandler )
3f500000 3f500000        0     1 PROVIDE ( TG1_WDT_LEVEL = DefaultHandler )
3f500000 3f500000        0     1 PROVIDE ( SPI_MEM_REJECT = DefaultHandler )
3f500000 3f500000        0     1 PROVIDE ( APB_ADC = DefaultHandler )
3f500000 3f500000        0     1 PROVIDE ( DMA_IN_CH0 = DefaultHandler )
3f500000 3f500000        0     1 PROVIDE ( DMA_IN_CH1 = DefaultHandler )
3f500000 3f500000        0     1 PROVIDE ( DMA_IN_CH2 = DefaultHandler )
3f500000 3f500000        0     1 PROVIDE ( DMA_IN_CH3 = DefaultHandler )
3f500000 3f500000        0     1 PROVIDE ( DMA_IN_CH4 = DefaultHandler )
3f500000 3f500000        0     1 PROVIDE ( DMA_OUT_CH0 = DefaultHandler )
3f500000 3f500000        0     1 PROVIDE ( DMA_OUT_CH1 = DefaultHandler )
3f500000 3f500000        0     1 PROVIDE ( DMA_OUT_CH2 = DefaultHandler )
3f500000 3f500000        0     1 PROVIDE ( DMA_OUT_CH3 = DefaultHandler )
3f500000 3f500000        0     1 PROVIDE ( DMA_OUT_CH4 = DefaultHandler )
3f500000 3f500000        0     1 PROVIDE ( RSA = DefaultHandler )
3f500000 3f500000        0     1 PROVIDE ( AES = DefaultHandler )
3f500000 3f500000        0     1 PROVIDE ( SHA = DefaultHandler )
3f500000 3f500000        0     1 PROVIDE ( ASSIST_DEBUG = DefaultHandler )
3f500000 3f500000        0     1 PROVIDE ( APB_PMS_MONITOR_VIOLATE = DefaultHandler )
3f500000 3f500000        0     1 PROVIDE ( CORE_0_IRAM0_PMS_MONITOR_VIOLATE = DefaultHandler )
3f500000 3f500000        0     1 PROVIDE ( CORE_0_DRAM0_PMS_MONITOR_VIOLATE = DefaultHandler )
3f500000 3f500000        0     1 PROVIDE ( CORE_0_PIF_PMS_MONITOR_VIOLATE = DefaultHandler )
3f500000 3f500000        0     1 PROVIDE ( CORE_0_PIF_PMS_MONITOR_VIOLATE_SIZE = DefaultHandler )
3f500000 3f500000        0     1 PROVIDE ( CORE_1_IRAM0_PMS_MONITOR_VIOLATE = DefaultHandler )
3f500000 3f500000        0     1 PROVIDE ( CORE_1_DRAM0_PMS_MONITOR_VIOLATE = DefaultHandler )
3f500000 3f500000        0     1 PROVIDE ( CORE_1_PIF_PMS_MONITOR_VIOLATE = DefaultHandler )
3f500000 3f500000        0     1 PROVIDE ( CORE_1_PIF_PMS_MONITOR_VIOLATE_SIZE = DefaultHandler )
3f500000 3f500000        0     1 PROVIDE ( CACHE_CORE0_ACS = DefaultHandler )
3f500000 3f500000        0     1 PROVIDE ( CACHE_CORE1_ACS = DefaultHandler )
3f500000 3f500000        0     1 PROVIDE ( USB_DEVICE = DefaultHandler )
3f500000 3f500000        0     1 PROVIDE ( PERI_BACKUP = DefaultHandler )
3f500000 3f500000        0     1 PROVIDE ( DMA_EXTMEM_REJECT = DefaultHandler )
3f500000 3f500000        0     1 PROVIDE ( __pre_init = DefaultPreInit )
3f500000 3f500000        0     1 PROVIDE ( __zero_bss = default_mem_hook )
3f500000 3f500000        0     1 PROVIDE ( __user_exception = __default_user_exception )
3f500000 3f500000        0     1 PROVIDE ( Timer0 = __default_user_exception )
3f500000 3f500000        0     1 PROVIDE ( Timer1 = __default_user_exception )
3f500000 3f500000        0     1 PROVIDE ( Timer2 = __default_user_exception )
3f500000 3f500000        0     1 PROVIDE ( Profiling = __default_user_exception )
3f500000 3f500000        0     1 PROVIDE ( NMI = __default_user_exception )
3f500000 3f500000        0     1 PROVIDE ( Software0 = __default_user_exception )
3f500000 3f500000        0     1 PROVIDE ( Software1 = __default_user_exception )
3f500000 3f500000        0     1 PROVIDE ( __naked_user_exception = __default_naked_exception )
3f500000 3f500000        0     1 PROVIDE ( __naked_kernel_exception = __default_naked_exception )
3f500000 3f500000        0     1 PROVIDE ( __naked_double_exception = __default_naked_double_exception )
3f500000 3f500000        0     1 PROVIDE ( __naked_level_2_interrupt = __default_naked_level_2_interrupt )
3f500000 3f500000        0     1 PROVIDE ( __naked_level_3_interrupt = __default_naked_level_3_interrupt )
3f500000 3f500000        0     1 PROVIDE ( __naked_level_4_interrupt = __default_naked_level_4_interrupt )
3f500000 3f500000        0     1 PROVIDE ( __naked_level_5_interrupt = __default_naked_level_5_interrupt )
3f500000 3f500000        0     1 PROVIDE ( __naked_level_6_interrupt = __default_naked_level_6_interrupt )
3f500000 3f500000        0     1 PROVIDE ( __naked_level_7_interrupt = __default_naked_level_7_interrupt )
40378000 40378000      3c0     4 .vectors
40378000 40378000        0     1         _init_start = ABSOLUTE ( . )
40378000 40378000        0     1         _vectors_current = .
40378000 40378000       12     4         /home/mabez/development/rust/embedded/hal/esp-hal/esp32s3-hal/target/xtensa-esp32s3-none-elf/debug/deps/libxtensa_lx_rt-c5c2bd0f530ba6cb.rlib(xtensa_lx_rt-c5c2bd0f530ba6cb.l3xbkn92t98qsrh.rcgu.o):(.WindowOverflow4.text)
40378000 40378000       12     1                 _WindowOverflow4
40378012 40378012       2e     1         . += 64 - ( . - _vectors_current )
40378040 40378040        0     1         _vectors_current = .
40378040 40378040       40     4         /home/mabez/development/rust/embedded/hal/esp-hal/esp32s3-hal/target/xtensa-esp32s3-none-elf/debug/deps/libxtensa_lx_rt-c5c2bd0f530ba6cb.rlib(xtensa_lx_rt-c5c2bd0f530ba6cb.l3xbkn92t98qsrh.rcgu.o):(.WindowUnderflow4.text)
40378040 40378040       40     1                 _WindowUnderflow4
40378050 40378050        0     1                 _AllocAException
40378080 40378080        0     1         . += 64 - ( . - _vectors_current )
40378080 40378080        0     1         _vectors_current = .
40378080 40378080       21     4         /home/mabez/development/rust/embedded/hal/esp-hal/esp32s3-hal/target/xtensa-esp32s3-none-elf/debug/deps/libxtensa_lx_rt-c5c2bd0f530ba6cb.rlib(xtensa_lx_rt-c5c2bd0f530ba6cb.l3xbkn92t98qsrh.rcgu.o):(.WindowOverflow8.text)
40378080 40378080       21     1                 _WindowOverflow8
403780a1 403780a1       1f     1         . += 64 - ( . - _vectors_current )
403780c0 403780c0        0     1         _vectors_current = .
403780c0 403780c0       21     4         /home/mabez/development/rust/embedded/hal/esp-hal/esp32s3-hal/target/xtensa-esp32s3-none-elf/debug/deps/libxtensa_lx_rt-c5c2bd0f530ba6cb.rlib(xtensa_lx_rt-c5c2bd0f530ba6cb.l3xbkn92t98qsrh.rcgu.o):(.WindowUnderflow8.text)
403780c0 403780c0       21     1                 _WindowUnderflow8
403780e1 403780e1       1f     1         . += 64 - ( . - _vectors_current )
40378100 40378100        0     1         _vectors_current = .
40378100 40378100       2d     4         /home/mabez/development/rust/embedded/hal/esp-hal/esp32s3-hal/target/xtensa-esp32s3-none-elf/debug/deps/libxtensa_lx_rt-c5c2bd0f530ba6cb.rlib(xtensa_lx_rt-c5c2bd0f530ba6cb.l3xbkn92t98qsrh.rcgu.o):(.WindowOverflow12.text)
40378100 40378100       2d     1                 _WindowOverflow12
4037812d 4037812d       13     1         . += 64 - ( . - _vectors_current )
40378140 40378140        0     1         _vectors_current = .
40378140 40378140       2d     4         /home/mabez/development/rust/embedded/hal/esp-hal/esp32s3-hal/target/xtensa-esp32s3-none-elf/debug/deps/libxtensa_lx_rt-c5c2bd0f530ba6cb.rlib(xtensa_lx_rt-c5c2bd0f530ba6cb.l3xbkn92t98qsrh.rcgu.o):(.WindowUnderflow12.text)
40378140 40378140       2d     1                 _WindowUnderflow12
4037816d 4037816d       13     1         . += 64 - ( . - _vectors_current )
40378180 40378180        0     1         _vectors_current = .
40378180 40378180        9     4         /home/mabez/development/rust/embedded/hal/esp-hal/esp32s3-hal/target/xtensa-esp32s3-none-elf/debug/deps/libxtensa_lx_rt-c5c2bd0f530ba6cb.rlib(xtensa_lx_rt-c5c2bd0f530ba6cb.l3xbkn92t98qsrh.rcgu.o):(.Level2InterruptVector.text)
40378180 40378180        9     1                 _Level2InterruptVector
40378189 40378189       37     1         . += 64 - ( . - _vectors_current )
403781c0 403781c0        0     1         _vectors_current = .
403781c0 403781c0        9     4         /home/mabez/development/rust/embedded/hal/esp-hal/esp32s3-hal/target/xtensa-esp32s3-none-elf/debug/deps/libxtensa_lx_rt-c5c2bd0f530ba6cb.rlib(xtensa_lx_rt-c5c2bd0f530ba6cb.l3xbkn92t98qsrh.rcgu.o):(.Level3InterruptVector.text)
403781c0 403781c0        9     1                 _Level3InterruptVector
403781c9 403781c9       37     1         . += 64 - ( . - _vectors_current )
40378200 40378200        0     1         _vectors_current = .
40378200 40378200        9     4         /home/mabez/development/rust/embedded/hal/esp-hal/esp32s3-hal/target/xtensa-esp32s3-none-elf/debug/deps/libxtensa_lx_rt-c5c2bd0f530ba6cb.rlib(xtensa_lx_rt-c5c2bd0f530ba6cb.l3xbkn92t98qsrh.rcgu.o):(.Level4InterruptVector.text)
40378200 40378200        9     1                 _Level4InterruptVector
40378209 40378209       37     1         . += 64 - ( . - _vectors_current )
40378240 40378240        0     1         _vectors_current = .
40378240 40378240        9     4         /home/mabez/development/rust/embedded/hal/esp-hal/esp32s3-hal/target/xtensa-esp32s3-none-elf/debug/deps/libxtensa_lx_rt-c5c2bd0f530ba6cb.rlib(xtensa_lx_rt-c5c2bd0f530ba6cb.l3xbkn92t98qsrh.rcgu.o):(.Level5InterruptVector.text)
40378240 40378240        9     1                 _Level5InterruptVector
40378249 40378249       37     1         . += 64 - ( . - _vectors_current )
40378280 40378280        0     1         _vectors_current = .
40378280 40378280        9     4         /home/mabez/development/rust/embedded/hal/esp-hal/esp32s3-hal/target/xtensa-esp32s3-none-elf/debug/deps/libxtensa_lx_rt-c5c2bd0f530ba6cb.rlib(xtensa_lx_rt-c5c2bd0f530ba6cb.l3xbkn92t98qsrh.rcgu.o):(.DebugExceptionVector.text)
40378280 40378280        9     1                 _Level6InterruptVector
40378289 40378289       37     1         . += 64 - ( . - _vectors_current )
403782c0 403782c0        0     1         _vectors_current = .
403782c0 403782c0        9     4         /home/mabez/development/rust/embedded/hal/esp-hal/esp32s3-hal/target/xtensa-esp32s3-none-elf/debug/deps/libxtensa_lx_rt-c5c2bd0f530ba6cb.rlib(xtensa_lx_rt-c5c2bd0f530ba6cb.l3xbkn92t98qsrh.rcgu.o):(.NMIExceptionVector.text)
403782c0 403782c0        9     1                 _Level7InterruptVector
403782c9 403782c9       37     1         . += 64 - ( . - _vectors_current )
40378300 40378300        0     1         _vectors_current = .
40378300 40378300        f     4         /home/mabez/development/rust/embedded/hal/esp-hal/esp32s3-hal/target/xtensa-esp32s3-none-elf/debug/deps/libxtensa_lx_rt-c5c2bd0f530ba6cb.rlib(xtensa_lx_rt-c5c2bd0f530ba6cb.l3xbkn92t98qsrh.rcgu.o):(.KernelExceptionVector.text)
40378300 40378300        f     1                 _KernelExceptionVector
4037830f 4037830f       31     1         . += 64 - ( . - _vectors_current )
40378340 40378340        0     1         _vectors_current = .
40378340 40378340       12     4         /home/mabez/development/rust/embedded/hal/esp-hal/esp32s3-hal/target/xtensa-esp32s3-none-elf/debug/deps/libxtensa_lx_rt-c5c2bd0f530ba6cb.rlib(xtensa_lx_rt-c5c2bd0f530ba6cb.l3xbkn92t98qsrh.rcgu.o):(.UserExceptionVector.text)
40378340 40378340       12     1                 _UserExceptionVector
4037834c 4037834c        0     1                 .AllocAException
40378352 40378352       2e     1         . += 64 - ( . - _vectors_current )
40378380 40378380        0     1         _vectors_current = .
40378380 40378380        9     4         /home/mabez/development/rust/embedded/hal/esp-hal/esp32s3-hal/target/xtensa-esp32s3-none-elf/debug/deps/libxtensa_lx_rt-c5c2bd0f530ba6cb.rlib(xtensa_lx_rt-c5c2bd0f530ba6cb.l3xbkn92t98qsrh.rcgu.o):(.DoubleExceptionVector.text)
40378380 40378380        9     1                 _DoubleExceptionVector
40378389 40378389       37     1         . += 64 - ( . - _vectors_current )
403783c0 403783c0        0     1         _init_end = ABSOLUTE ( . )
42000020 42000020     6e2d     4 .text
42000020 42000020        0     1         _stext = .
42000020 42000020        0     1         . = ALIGN ( 4 )
42000020 42000020        0     1         _text_start = ABSOLUTE ( . )
42000020 42000020        0     1         . = ALIGN ( 4 )
42000020 42000020       14     4         /home/mabez/development/rust/embedded/hal/esp-hal/esp32s3-hal/target/xtensa-esp32s3-none-elf/debug/examples/systimer-2f4fec6117af7df6.2bd7nztrhu7tnba6.rcgu.o:(.literal._ZN14esp_hal_common5delay113_$LT$impl$u20$embedded_hal..blocking..delay..DelayMs$LT$T$GT$$u20$for$u20$esp_hal_common..delay..delay..Delay$GT$8delay_ms17h278155e4e07fa261E)
42000034 42000034       53     4         /home/mabez/development/rust/embedded/hal/esp-hal/esp32s3-hal/target/xtensa-esp32s3-none-elf/debug/examples/systimer-2f4fec6117af7df6.2bd7nztrhu7tnba6.rcgu.o:(.text._ZN14esp_hal_common5delay113_$LT$impl$u20$embedded_hal..blocking..delay..DelayMs$LT$T$GT$$u20$for$u20$esp_hal_common..delay..delay..Delay$GT$8delay_ms17h278155e4e07fa261E)
42000034 42000034       53     1                 esp_hal_common::delay::_$LT$impl$u20$embedded_hal..blocking..delay..DelayMs$LT$T$GT$$u20$for$u20$esp_hal_common..delay..delay..Delay$GT$::delay_ms::h278155e4e07fa261
42000088 42000088       1c     4         /home/mabez/development/rust/embedded/hal/esp-hal/esp32s3-hal/target/xtensa-esp32s3-none-elf/debug/examples/systimer-2f4fec6117af7df6.2hm2n8q5mbiwidr3.rcgu.o:(.literal._ZN96_$LT$esp_hal_common..timer..Wdt$LT$TG$GT$$u20$as$u20$embedded_hal..watchdog..WatchdogDisable$GT$7disable17h01509848c70ebe0eE)
420000a4 420000a4       72     4         /home/mabez/development/rust/embedded/hal/esp-hal/esp32s3-hal/target/xtensa-esp32s3-none-elf/debug/examples/systimer-2f4fec6117af7df6.2hm2n8q5mbiwidr3.rcgu.o:(.text._ZN96_$LT$esp_hal_common..timer..Wdt$LT$TG$GT$$u20$as$u20$embedded_hal..watchdog..WatchdogDisable$GT$7disable17h01509848c70ebe0eE)
420000a4 420000a4       72     1                 _$LT$esp_hal_common..timer..Wdt$LT$TG$GT$$u20$as$u20$embedded_hal..watchdog..WatchdogDisable$GT$::disable::h01509848c70ebe0e
42000118 42000118       10     4         /home/mabez/development/rust/embedded/hal/esp-hal/esp32s3-hal/target/xtensa-esp32s3-none-elf/debug/examples/systimer-2f4fec6117af7df6.2o6r1hj2oicuwov9.rcgu.o:(.literal._ZN14esp_hal_common8systimer18Alarm$LT$T$C$_$GT$15clear_interrupt17h288d19cced5c6b4cE)
42000128 42000128       29     4         /home/mabez/development/rust/embedded/hal/esp-hal/esp32s3-hal/target/xtensa-esp32s3-none-elf/debug/examples/systimer-2f4fec6117af7df6.2o6r1hj2oicuwov9.rcgu.o:(.text._ZN14esp_hal_common8systimer18Alarm$LT$T$C$_$GT$15clear_interrupt17h288d19cced5c6b4cE)
42000128 42000128       29     1                 esp_hal_common::systimer::Alarm$LT$T$C$_$GT$::clear_interrupt::h288d19cced5c6b4c
42000154 42000154       10     4         /home/mabez/development/rust/embedded/hal/esp-hal/esp32s3-hal/target/xtensa-esp32s3-none-elf/debug/examples/systimer-2f4fec6117af7df6.2o6r1hj2oicuwov9.rcgu.o:(.literal._ZN14esp_hal_common8systimer18Alarm$LT$T$C$_$GT$15clear_interrupt17h50594927b80d7253E)
42000164 42000164       29     4         /home/mabez/development/rust/embedded/hal/esp-hal/esp32s3-hal/target/xtensa-esp32s3-none-elf/debug/examples/systimer-2f4fec6117af7df6.2o6r1hj2oicuwov9.rcgu.o:(.text._ZN14esp_hal_common8systimer18Alarm$LT$T$C$_$GT$15clear_interrupt17h50594927b80d7253E)
42000164 42000164       29     1                 esp_hal_common::systimer::Alarm$LT$T$C$_$GT$::clear_interrupt::h50594927b80d7253
42000190 42000190       10     4         /home/mabez/development/rust/embedded/hal/esp-hal/esp32s3-hal/target/xtensa-esp32s3-none-elf/debug/examples/systimer-2f4fec6117af7df6.2o6r1hj2oicuwov9.rcgu.o:(.literal._ZN14esp_hal_common8systimer18Alarm$LT$T$C$_$GT$15clear_interrupt17hfc04290b79738b64E)
420001a0 420001a0       29     4         /home/mabez/development/rust/embedded/hal/esp-hal/esp32s3-hal/target/xtensa-esp32s3-none-elf/debug/examples/systimer-2f4fec6117af7df6.2o6r1hj2oicuwov9.rcgu.o:(.text._ZN14esp_hal_common8systimer18Alarm$LT$T$C$_$GT$15clear_interrupt17hfc04290b79738b64E)
420001a0 420001a0       29     1                 esp_hal_common::systimer::Alarm$LT$T$C$_$GT$::clear_interrupt::hfc04290b79738b64
420001cc 420001cc       14     4         /home/mabez/development/rust/embedded/hal/esp-hal/esp32s3-hal/target/xtensa-esp32s3-none-elf/debug/examples/systimer-2f4fec6117af7df6.2o6r1hj2oicuwov9.rcgu.o:(.literal._ZN14esp_hal_common8systimer18Alarm$LT$T$C$_$GT$16interrupt_enable17h272db53fa053b0bfE)
420001e0 420001e0       4c     4         /home/mabez/development/rust/embedded/hal/esp-hal/esp32s3-hal/target/xtensa-esp32s3-none-elf/debug/examples/systimer-2f4fec6117af7df6.2o6r1hj2oicuwov9.rcgu.o:(.text._ZN14esp_hal_common8systimer18Alarm$LT$T$C$_$GT$16interrupt_enable17h272db53fa053b0bfE)
420001e0 420001e0       4c     1                 esp_hal_common::systimer::Alarm$LT$T$C$_$GT$::interrupt_enable::h272db53fa053b0bf
4200022c 4200022c       14     4         /home/mabez/development/rust/embedded/hal/esp-hal/esp32s3-hal/target/xtensa-esp32s3-none-elf/debug/examples/systimer-2f4fec6117af7df6.2o6r1hj2oicuwov9.rcgu.o:(.literal._ZN14esp_hal_common8systimer18Alarm$LT$T$C$_$GT$16interrupt_enable17hc06b57ba0f4cdf90E)
42000240 42000240       45     4         /home/mabez/development/rust/embedded/hal/esp-hal/esp32s3-hal/target/xtensa-esp32s3-none-elf/debug/examples/systimer-2f4fec6117af7df6.2o6r1hj2oicuwov9.rcgu.o:(.text._ZN14esp_hal_common8systimer18Alarm$LT$T$C$_$GT$16interrupt_enable17hc06b57ba0f4cdf90E)
42000240 42000240       45     1                 esp_hal_common::systimer::Alarm$LT$T$C$_$GT$::interrupt_enable::hc06b57ba0f4cdf90
42000288 42000288       14     4         /home/mabez/development/rust/embedded/hal/esp-hal/esp32s3-hal/target/xtensa-esp32s3-none-elf/debug/examples/systimer-2f4fec6117af7df6.2o6r1hj2oicuwov9.rcgu.o:(.literal._ZN14esp_hal_common8systimer18Alarm$LT$T$C$_$GT$16interrupt_enable17hdb2bc1a63cb3adc3E)
4200029c 4200029c       4c     4         /home/mabez/development/rust/embedded/hal/esp-hal/esp32s3-hal/target/xtensa-esp32s3-none-elf/debug/examples/systimer-2f4fec6117af7df6.2o6r1hj2oicuwov9.rcgu.o:(.text._ZN14esp_hal_common8systimer18Alarm$LT$T$C$_$GT$16interrupt_enable17hdb2bc1a63cb3adc3E)
4200029c 4200029c       4c     1                 esp_hal_common::systimer::Alarm$LT$T$C$_$GT$::interrupt_enable::hdb2bc1a63cb3adc3
420002e8 420002e8       34     4         /home/mabez/development/rust/embedded/hal/esp-hal/esp32s3-hal/target/xtensa-esp32s3-none-elf/debug/examples/systimer-2f4fec6117af7df6.2o6r1hj2oicuwov9.rcgu.o:(.literal._ZN14esp_hal_common8systimer49Alarm$LT$esp_hal_common..systimer..Target$C$_$GT$10set_target17ha3b252951854ce99E)
4200031c 4200031c       d6     4         /home/mabez/development/rust/embedded/hal/esp-hal/esp32s3-hal/target/xtensa-esp32s3-none-elf/debug/examples/systimer-2f4fec6117af7df6.2o6r1hj2oicuwov9.rcgu.o:(.text._ZN14esp_hal_common8systimer49Alarm$LT$esp_hal_common..systimer..Target$C$_$GT$10set_target17ha3b252951854ce99E)
4200031c 4200031c       d6     1                 esp_hal_common::systimer::Alarm$LT$esp_hal_common..systimer..Target$C$_$GT$::set_target::ha3b252951854ce99
420003f4 420003f4       34     4         /home/mabez/development/rust/embedded/hal/esp-hal/esp32s3-hal/target/xtensa-esp32s3-none-elf/debug/examples/systimer-2f4fec6117af7df6.2o6r1hj2oicuwov9.rcgu.o:(.literal._ZN14esp_hal_common8systimer49Alarm$LT$esp_hal_common..systimer..Target$C$_$GT$10set_target17hf462a88858a242b3E)
42000428 42000428       d6     4         /home/mabez/development/rust/embedded/hal/esp-hal/esp32s3-hal/target/xtensa-esp32s3-none-elf/debug/examples/systimer-2f4fec6117af7df6.2o6r1hj2oicuwov9.rcgu.o:(.text._ZN14esp_hal_common8systimer49Alarm$LT$esp_hal_common..systimer..Target$C$_$GT$10set_target17hf462a88858a242b3E)
42000428 42000428       d6     1                 esp_hal_common::systimer::Alarm$LT$esp_hal_common..systimer..Target$C$_$GT$::set_target::hf462a88858a242b3
42000500 42000500       50     4         /home/mabez/development/rust/embedded/hal/esp-hal/esp32s3-hal/target/xtensa-esp32s3-none-elf/debug/examples/systimer-2f4fec6117af7df6.2o6r1hj2oicuwov9.rcgu.o:(.literal._ZN14esp_hal_common8systimer51Alarm$LT$esp_hal_common..systimer..Periodic$C$_$GT$10set_period17hd3846fa1fb8d4902E)
42000550 42000550      109     4         /home/mabez/development/rust/embedded/hal/esp-hal/esp32s3-hal/target/xtensa-esp32s3-none-elf/debug/examples/systimer-2f4fec6117af7df6.2o6r1hj2oicuwov9.rcgu.o:(.text._ZN14esp_hal_common8systimer51Alarm$LT$esp_hal_common..systimer..Periodic$C$_$GT$10set_period17hd3846fa1fb8d4902E)
42000550 42000550      109     1                 esp_hal_common::systimer::Alarm$LT$esp_hal_common..systimer..Periodic$C$_$GT$::set_period::hd3846fa1fb8d4902
4200065c 4200065c       10     4         /home/mabez/development/rust/embedded/hal/esp-hal/esp32s3-hal/target/xtensa-esp32s3-none-elf/debug/examples/systimer-2f4fec6117af7df6.4ojlb7alhnu0pzbq.rcgu.o:(.literal._ZN14esp_hal_common8rtc_cntl3Rtc3new17hc48de39456de2000E)
4200066c 4200066c       1f     4         /home/mabez/development/rust/embedded/hal/esp-hal/esp32s3-hal/target/xtensa-esp32s3-none-elf/debug/examples/systimer-2f4fec6117af7df6.4ojlb7alhnu0pzbq.rcgu.o:(.text._ZN14esp_hal_common8rtc_cntl3Rtc3new17hc48de39456de2000E)
4200066c 4200066c       1f     1                 esp_hal_common::rtc_cntl::Rtc::new::hc48de39456de2000
4200068c 4200068c       14     4         /home/mabez/development/rust/embedded/hal/esp-hal/esp32s3-hal/target/xtensa-esp32s3-none-elf/debug/examples/systimer-2f4fec6117af7df6.5e7bm3qt4b4cc9w6.rcgu.o:(.literal._ZN16critical_section5mutex41Mutex$LT$core..cell..RefCell$LT$T$GT$$GT$14borrow_ref_mut17h7e5ad87c54088999E)
420006a0 420006a0       29     4         /home/mabez/development/rust/embedded/hal/esp-hal/esp32s3-hal/target/xtensa-esp32s3-none-elf/debug/examples/systimer-2f4fec6117af7df6.5e7bm3qt4b4cc9w6.rcgu.o:(.text._ZN16critical_section5mutex41Mutex$LT$core..cell..RefCell$LT$T$GT$$GT$14borrow_ref_mut17h7e5ad87c54088999E)
420006a0 420006a0       29     1                 critical_section::mutex::Mutex$LT$core..cell..RefCell$LT$T$GT$$GT$::borrow_ref_mut::h7e5ad87c54088999
420006cc 420006cc       14     4         /home/mabez/development/rust/embedded/hal/esp-hal/esp32s3-hal/target/xtensa-esp32s3-none-elf/debug/examples/systimer-2f4fec6117af7df6.5e7bm3qt4b4cc9w6.rcgu.o:(.literal._ZN16critical_section5mutex41Mutex$LT$core..cell..RefCell$LT$T$GT$$GT$14borrow_ref_mut17h94e9e24d0eb0f513E)
420006e0 420006e0       29     4         /home/mabez/development/rust/embedded/hal/esp-hal/esp32s3-hal/target/xtensa-esp32s3-none-elf/debug/examples/systimer-2f4fec6117af7df6.5e7bm3qt4b4cc9w6.rcgu.o:(.text._ZN16critical_section5mutex41Mutex$LT$core..cell..RefCell$LT$T$GT$$GT$14borrow_ref_mut17h94e9e24d0eb0f513E)
420006e0 420006e0       29     1                 critical_section::mutex::Mutex$LT$core..cell..RefCell$LT$T$GT$$GT$::borrow_ref_mut::h94e9e24d0eb0f513
4200070c 4200070c       14     4         /home/mabez/development/rust/embedded/hal/esp-hal/esp32s3-hal/target/xtensa-esp32s3-none-elf/debug/examples/systimer-2f4fec6117af7df6.5e7bm3qt4b4cc9w6.rcgu.o:(.literal._ZN16critical_section5mutex41Mutex$LT$core..cell..RefCell$LT$T$GT$$GT$14borrow_ref_mut17he3f219435d03ed65E)
42000720 42000720       29     4         /home/mabez/development/rust/embedded/hal/esp-hal/esp32s3-hal/target/xtensa-esp32s3-none-elf/debug/examples/systimer-2f4fec6117af7df6.5e7bm3qt4b4cc9w6.rcgu.o:(.text._ZN16critical_section5mutex41Mutex$LT$core..cell..RefCell$LT$T$GT$$GT$14borrow_ref_mut17he3f219435d03ed65E)
42000720 42000720       29     1                 critical_section::mutex::Mutex$LT$core..cell..RefCell$LT$T$GT$$GT$::borrow_ref_mut::he3f219435d03ed65
4200074c 4200074c        5     4         /home/mabez/development/rust/embedded/hal/esp-hal/esp32s3-hal/target/xtensa-esp32s3-none-elf/debug/examples/systimer-2f4fec6117af7df6.5e7bm3qt4b4cc9w6.rcgu.o:(.text._ZN4core3ptr47drop_in_place$LT$core..cell..BorrowMutError$GT$17h96762d906392ee53E)
4200074c 4200074c        5     1                 core::ptr::drop_in_place$LT$core..cell..BorrowMutError$GT$::h96762d906392ee53
42000754 42000754       10     4         /home/mabez/development/rust/embedded/hal/esp-hal/esp32s3-hal/target/xtensa-esp32s3-none-elf/debug/examples/systimer-2f4fec6117af7df6.5e7bm3qt4b4cc9w6.rcgu.o:(.literal._ZN4core4cell12BorrowRefMut3new17h647ad9eabb31f6eeE)
42000764 42000764       3d     4         /home/mabez/development/rust/embedded/hal/esp-hal/esp32s3-hal/target/xtensa-esp32s3-none-elf/debug/examples/systimer-2f4fec6117af7df6.5e7bm3qt4b4cc9w6.rcgu.o:(.text._ZN4core4cell12BorrowRefMut3new17h647ad9eabb31f6eeE)
42000764 42000764       3d     1                 core::cell::BorrowRefMut::new::h647ad9eabb31f6ee
420007a4 420007a4       d0     4         /home/mabez/development/rust/embedded/hal/esp-hal/esp32s3-hal/target/xtensa-esp32s3-none-elf/debug/examples/systimer-2f4fec6117af7df6.5e7bm3qt4b4cc9w6.rcgu.o:(.literal.main)
42000874 42000874      2b7     4         /home/mabez/development/rust/embedded/hal/esp-hal/esp32s3-hal/target/xtensa-esp32s3-none-elf/debug/examples/systimer-2f4fec6117af7df6.5e7bm3qt4b4cc9w6.rcgu.o:(.text.main)
42000874 42000874      2b7     1                 main
42000b2c 42000b2c       34     4         /home/mabez/development/rust/embedded/hal/esp-hal/esp32s3-hal/target/xtensa-esp32s3-none-elf/debug/examples/systimer-2f4fec6117af7df6.5e7bm3qt4b4cc9w6.rcgu.o:(.literal.SYSTIMER_TARGET0)
42000b60 42000b60       73     4         /home/mabez/development/rust/embedded/hal/esp-hal/esp32s3-hal/target/xtensa-esp32s3-none-elf/debug/examples/systimer-2f4fec6117af7df6.5e7bm3qt4b4cc9w6.rcgu.o:(.text.SYSTIMER_TARGET0)
42000b60 42000b60       73     1                 SYSTIMER_TARGET0
42000bd4 42000bd4       34     4         /home/mabez/development/rust/embedded/hal/esp-hal/esp32s3-hal/target/xtensa-esp32s3-none-elf/debug/examples/systimer-2f4fec6117af7df6.5e7bm3qt4b4cc9w6.rcgu.o:(.literal.SYSTIMER_TARGET1)
42000c08 42000c08       73     4         /home/mabez/development/rust/embedded/hal/esp-hal/esp32s3-hal/target/xtensa-esp32s3-none-elf/debug/examples/systimer-2f4fec6117af7df6.5e7bm3qt4b4cc9w6.rcgu.o:(.text.SYSTIMER_TARGET1)
42000c08 42000c08       73     1                 SYSTIMER_TARGET1
42000c7c 42000c7c       34     4         /home/mabez/development/rust/embedded/hal/esp-hal/esp32s3-hal/target/xtensa-esp32s3-none-elf/debug/examples/systimer-2f4fec6117af7df6.5e7bm3qt4b4cc9w6.rcgu.o:(.literal.SYSTIMER_TARGET2)
42000cb0 42000cb0       73     4         /home/mabez/development/rust/embedded/hal/esp-hal/esp32s3-hal/target/xtensa-esp32s3-none-elf/debug/examples/systimer-2f4fec6117af7df6.5e7bm3qt4b4cc9w6.rcgu.o:(.text.SYSTIMER_TARGET2)
42000cb0 42000cb0       73     1                 SYSTIMER_TARGET2
42000d24 42000d24        4     4         /home/mabez/development/rust/embedded/hal/esp-hal/esp32s3-hal/target/xtensa-esp32s3-none-elf/debug/examples/systimer-2f4fec6117af7df6.heexbxffgt9ydpm.rcgu.o:(.literal._ZN14esp_hal_common5clock12ClockControl13boot_defaults17hc13e9f133a4157efE)
42000d28 42000d28       38     4         /home/mabez/development/rust/embedded/hal/esp-hal/esp32s3-hal/target/xtensa-esp32s3-none-elf/debug/examples/systimer-2f4fec6117af7df6.heexbxffgt9ydpm.rcgu.o:(.text._ZN14esp_hal_common5clock12ClockControl13boot_defaults17hc13e9f133a4157efE)
42000d28 42000d28       38     1                 esp_hal_common::clock::ClockControl::boot_defaults::hc13e9f133a4157ef
42000d60 42000d60       14     4         /home/mabez/development/rust/embedded/hal/esp-hal/esp32s3-hal/target/xtensa-esp32s3-none-elf/debug/examples/systimer-2f4fec6117af7df6.heexbxffgt9ydpm.rcgu.o:(.literal._ZN5fugit4rate23Rate$LT$u32$C$_$C$_$GT$3MHz17hd5654b512fbfc607E.llvm.5469007447368273576)
42000d74 42000d74       32     4         /home/mabez/development/rust/embedded/hal/esp-hal/esp32s3-hal/target/xtensa-esp32s3-none-elf/debug/examples/systimer-2f4fec6117af7df6.heexbxffgt9ydpm.rcgu.o:(.text._ZN5fugit4rate23Rate$LT$u32$C$_$C$_$GT$3MHz17hd5654b512fbfc607E.llvm.5469007447368273576)
42000d74 42000d74       32     1                 fugit::rate::Rate$LT$u32$C$_$C$_$GT$::MHz::hd5654b512fbfc607 (.llvm.5469007447368273576)
42000da8 42000da8       14     4         /home/mabez/development/rust/embedded/hal/esp-hal/esp32s3-hal/target/xtensa-esp32s3-none-elf/debug/examples/systimer-2f4fec6117af7df6.udeqgh7lbazho3.rcgu.o:(.literal._ZN5fugit4rate23Rate$LT$u32$C$_$C$_$GT$13into_duration17h5fd11e7b85c4e2a7E)
42000dbc 42000dbc       37     4         /home/mabez/development/rust/embedded/hal/esp-hal/esp32s3-hal/target/xtensa-esp32s3-none-elf/debug/examples/systimer-2f4fec6117af7df6.udeqgh7lbazho3.rcgu.o:(.text._ZN5fugit4rate23Rate$LT$u32$C$_$C$_$GT$13into_duration17h5fd11e7b85c4e2a7E)
42000dbc 42000dbc       37     1                 fugit::rate::Rate$LT$u32$C$_$C$_$GT$::into_duration::h5fd11e7b85c4e2a7
42000df4 42000df4       1c     4         /home/mabez/development/rust/embedded/hal/esp-hal/esp32s3-hal/target/xtensa-esp32s3-none-elf/debug/examples/systimer-2f4fec6117af7df6.umej4c1m0diogxy.rcgu.o:(.literal._ZN4core3ptr45drop_in_place$LT$core..cell..BorrowRefMut$GT$17h9ae5bb9306ab3b75E.llvm.16747587700119391327)
42000e10 42000e10       4c     4         /home/mabez/development/rust/embedded/hal/esp-hal/esp32s3-hal/target/xtensa-esp32s3-none-elf/debug/examples/systimer-2f4fec6117af7df6.umej4c1m0diogxy.rcgu.o:(.text._ZN4core3ptr45drop_in_place$LT$core..cell..BorrowRefMut$GT$17h9ae5bb9306ab3b75E.llvm.16747587700119391327)
42000e10 42000e10       4c     1                 core::ptr::drop_in_place$LT$core..cell..BorrowRefMut$GT$::h9ae5bb9306ab3b75 (.llvm.16747587700119391327)
42000e5c 42000e5c        c     4         /home/mabez/development/rust/embedded/hal/esp-hal/esp32s3-hal/target/xtensa-esp32s3-none-elf/debug/deps/libesp_backtrace-73532fe5b52f3a87.rlib(esp_backtrace-73532fe5b52f3a87.esp_backtrace.6a868f59-cgu.2.rcgu.o):(.literal._ZN4core3fmt5Write10write_char17hfb2335dd9bdef5aeE)
42000e68 42000e68       b5     4         /home/mabez/development/rust/embedded/hal/esp-hal/esp32s3-hal/target/xtensa-esp32s3-none-elf/debug/deps/libesp_backtrace-73532fe5b52f3a87.rlib(esp_backtrace-73532fe5b52f3a87.esp_backtrace.6a868f59-cgu.2.rcgu.o):(.text._ZN4core3fmt5Write10write_char17hfb2335dd9bdef5aeE)
42000e68 42000e68       b5     1                 core::fmt::Write::write_char::hfb2335dd9bdef5ae
42000f20 42000f20        c     4         /home/mabez/development/rust/embedded/hal/esp-hal/esp32s3-hal/target/xtensa-esp32s3-none-elf/debug/deps/libesp_backtrace-73532fe5b52f3a87.rlib(esp_backtrace-73532fe5b52f3a87.esp_backtrace.6a868f59-cgu.2.rcgu.o):(.literal._ZN4core3fmt5Write9write_fmt17ha352b56822d76305E)
42000f2c 42000f2c       26     4         /home/mabez/development/rust/embedded/hal/esp-hal/esp32s3-hal/target/xtensa-esp32s3-none-elf/debug/deps/libesp_backtrace-73532fe5b52f3a87.rlib(esp_backtrace-73532fe5b52f3a87.esp_backtrace.6a868f59-cgu.2.rcgu.o):(.text._ZN4core3fmt5Write9write_fmt17ha352b56822d76305E)
42000f2c 42000f2c       26     1                 core::fmt::Write::write_fmt::ha352b56822d76305
42000f54 42000f54        5     4         /home/mabez/development/rust/embedded/hal/esp-hal/esp32s3-hal/target/xtensa-esp32s3-none-elf/debug/deps/libesp_backtrace-73532fe5b52f3a87.rlib(esp_backtrace-73532fe5b52f3a87.esp_backtrace.6a868f59-cgu.2.rcgu.o):(.text._ZN4core3ptr53drop_in_place$LT$$RF$mut$u20$esp_println..Printer$GT$17h756bbbcec04a253cE.llvm.2068861127057197121)
42000f54 42000f54        5     1                 core::ptr::drop_in_place$LT$$RF$mut$u20$esp_println..Printer$GT$::h756bbbcec04a253c (.llvm.2068861127057197121)
42000f5c 42000f5c        4     4         /home/mabez/development/rust/embedded/hal/esp-hal/esp32s3-hal/target/xtensa-esp32s3-none-elf/debug/deps/libesp_backtrace-73532fe5b52f3a87.rlib(esp_backtrace-73532fe5b52f3a87.esp_backtrace.6a868f59-cgu.2.rcgu.o):(.literal._ZN50_$LT$$RF$mut$u20$W$u20$as$u20$core..fmt..Write$GT$10write_char17hc82ef56b9385b517E)
42000f60 42000f60       11     4         /home/mabez/development/rust/embedded/hal/esp-hal/esp32s3-hal/target/xtensa-esp32s3-none-elf/debug/deps/libesp_backtrace-73532fe5b52f3a87.rlib(esp_backtrace-73532fe5b52f3a87.esp_backtrace.6a868f59-cgu.2.rcgu.o):(.text._ZN50_$LT$$RF$mut$u20$W$u20$as$u20$core..fmt..Write$GT$10write_char17hc82ef56b9385b517E)
42000f60 42000f60       11     1                 _$LT$$RF$mut$u20$W$u20$as$u20$core..fmt..Write$GT$::write_char::hc82ef56b9385b517
42000f74 42000f74        8     4         /home/mabez/development/rust/embedded/hal/esp-hal/esp32s3-hal/target/xtensa-esp32s3-none-elf/debug/deps/libesp_backtrace-73532fe5b52f3a87.rlib(esp_backtrace-73532fe5b52f3a87.esp_backtrace.6a868f59-cgu.2.rcgu.o):(.literal._ZN50_$LT$$RF$mut$u20$W$u20$as$u20$core..fmt..Write$GT$9write_fmt17h84c2bb637bcdd129E)
42000f7c 42000f7c       22     4         /home/mabez/development/rust/embedded/hal/esp-hal/esp32s3-hal/target/xtensa-esp32s3-none-elf/debug/deps/libesp_backtrace-73532fe5b52f3a87.rlib(esp_backtrace-73532fe5b52f3a87.esp_backtrace.6a868f59-cgu.2.rcgu.o):(.text._ZN50_$LT$$RF$mut$u20$W$u20$as$u20$core..fmt..Write$GT$9write_fmt17h84c2bb637bcdd129E)
42000f7c 42000f7c       22     1                 _$LT$$RF$mut$u20$W$u20$as$u20$core..fmt..Write$GT$::write_fmt::h84c2bb637bcdd129
42000fa0 42000fa0        4     4         /home/mabez/development/rust/embedded/hal/esp-hal/esp32s3-hal/target/xtensa-esp32s3-none-elf/debug/deps/libesp_backtrace-73532fe5b52f3a87.rlib(esp_backtrace-73532fe5b52f3a87.esp_backtrace.6a868f59-cgu.2.rcgu.o):(.literal._ZN50_$LT$$RF$mut$u20$W$u20$as$u20$core..fmt..Write$GT$9write_str17he453817937d893dcE)
42000fa4 42000fa4       13     4         /home/mabez/development/rust/embedded/hal/esp-hal/esp32s3-hal/target/xtensa-esp32s3-none-elf/debug/deps/libesp_backtrace-73532fe5b52f3a87.rlib(esp_backtrace-73532fe5b52f3a87.esp_backtrace.6a868f59-cgu.2.rcgu.o):(.text._ZN50_$LT$$RF$mut$u20$W$u20$as$u20$core..fmt..Write$GT$9write_str17he453817937d893dcE)
42000fa4 42000fa4       13     1                 _$LT$$RF$mut$u20$W$u20$as$u20$core..fmt..Write$GT$::write_str::he453817937d893dc
42000fb8 42000fb8       4c     4         /home/mabez/development/rust/embedded/hal/esp-hal/esp32s3-hal/target/xtensa-esp32s3-none-elf/debug/deps/libesp_backtrace-73532fe5b52f3a87.rlib(esp_backtrace-73532fe5b52f3a87.esp_backtrace.6a868f59-cgu.4.rcgu.o):(.literal.rust_begin_unwind)
42001004 42001004      262     4         /home/mabez/development/rust/embedded/hal/esp-hal/esp32s3-hal/target/xtensa-esp32s3-none-elf/debug/deps/libesp_backtrace-73532fe5b52f3a87.rlib(esp_backtrace-73532fe5b52f3a87.esp_backtrace.6a868f59-cgu.4.rcgu.o):(.text.rust_begin_unwind)
42001004 42001004      262     1                 rust_begin_unwind
42001268 42001268        8     4         /home/mabez/development/rust/embedded/hal/esp-hal/esp32s3-hal/target/xtensa-esp32s3-none-elf/debug/deps/libesp_backtrace-73532fe5b52f3a87.rlib(esp_backtrace-73532fe5b52f3a87.esp_backtrace.6a868f59-cgu.4.rcgu.o):(.literal._ZN13esp_backtrace20is_valid_ram_address17h4893e31d87d2d312E)
42001270 42001270       15     4         /home/mabez/development/rust/embedded/hal/esp-hal/esp32s3-hal/target/xtensa-esp32s3-none-elf/debug/deps/libesp_backtrace-73532fe5b52f3a87.rlib(esp_backtrace-73532fe5b52f3a87.esp_backtrace.6a868f59-cgu.4.rcgu.o):(.text._ZN13esp_backtrace20is_valid_ram_address17h4893e31d87d2d312E)
42001270 42001270       15     1                 esp_backtrace::is_valid_ram_address::h4893e31d87d2d312
42001288 42001288        4     4         /home/mabez/development/rust/embedded/hal/esp-hal/esp32s3-hal/target/xtensa-esp32s3-none-elf/debug/deps/libesp_backtrace-73532fe5b52f3a87.rlib(esp_backtrace-73532fe5b52f3a87.esp_backtrace.6a868f59-cgu.0.rcgu.o):(.literal._ZN42_$LT$$RF$T$u20$as$u20$core..fmt..Debug$GT$3fmt17h6e5e7c2cff87c92bE)
4200128c 4200128c       11     4         /home/mabez/development/rust/embedded/hal/esp-hal/esp32s3-hal/target/xtensa-esp32s3-none-elf/debug/deps/libesp_backtrace-73532fe5b52f3a87.rlib(esp_backtrace-73532fe5b52f3a87.esp_backtrace.6a868f59-cgu.0.rcgu.o):(.text._ZN42_$LT$$RF$T$u20$as$u20$core..fmt..Debug$GT$3fmt17h6e5e7c2cff87c92bE)
4200128c 4200128c       11     1                 _$LT$$RF$T$u20$as$u20$core..fmt..Debug$GT$::fmt::h6e5e7c2cff87c92b
420012a0 420012a0        c     4         /home/mabez/development/rust/embedded/hal/esp-hal/esp32s3-hal/target/xtensa-esp32s3-none-elf/debug/deps/libesp_backtrace-73532fe5b52f3a87.rlib(esp_backtrace-73532fe5b52f3a87.esp_backtrace.6a868f59-cgu.3.rcgu.o):(.literal._ZN4core5array4iter94_$LT$impl$u20$core..iter..traits..collect..IntoIterator$u20$for$u20$$u5b$T$u3b$$u20$N$u5d$$GT$9into_iter17hf9ad9cb7db26b0f5E)
420012ac 420012ac       32     4         /home/mabez/development/rust/embedded/hal/esp-hal/esp32s3-hal/target/xtensa-esp32s3-none-elf/debug/deps/libesp_backtrace-73532fe5b52f3a87.rlib(esp_backtrace-73532fe5b52f3a87.esp_backtrace.6a868f59-cgu.3.rcgu.o):(.text._ZN4core5array4iter94_$LT$impl$u20$core..iter..traits..collect..IntoIterator$u20$for$u20$$u5b$T$u3b$$u20$N$u5d$$GT$9into_iter17hf9ad9cb7db26b0f5E)
420012ac 420012ac       32     1                 core::array::iter::_$LT$impl$u20$core..iter..traits..collect..IntoIterator$u20$for$u20$$u5b$T$u3b$$u20$N$u5d$$GT$::into_iter::hf9ad9cb7db26b0f5
420012e0 420012e0        8     4         /home/mabez/development/rust/embedded/hal/esp-hal/esp32s3-hal/target/xtensa-esp32s3-none-elf/debug/deps/libesp_backtrace-73532fe5b52f3a87.rlib(esp_backtrace-73532fe5b52f3a87.esp_backtrace.6a868f59-cgu.1.rcgu.o):(.literal._ZN4core5array4iter21IntoIter$LT$T$C$_$GT$12as_mut_slice17hf54c79af15120ff0E)
420012e8 420012e8       25     4         /home/mabez/development/rust/embedded/hal/esp-hal/esp32s3-hal/target/xtensa-esp32s3-none-elf/debug/deps/libesp_backtrace-73532fe5b52f3a87.rlib(esp_backtrace-73532fe5b52f3a87.esp_backtrace.6a868f59-cgu.1.rcgu.o):(.text._ZN4core5array4iter21IntoIter$LT$T$C$_$GT$12as_mut_slice17hf54c79af15120ff0E)
420012e8 420012e8       25     1                 core::array::iter::IntoIter$LT$T$C$_$GT$::as_mut_slice::hf54c79af15120ff0
42001310 42001310       14     4         /home/mabez/development/rust/embedded/hal/esp-hal/esp32s3-hal/target/xtensa-esp32s3-none-elf/debug/deps/libesp_backtrace-73532fe5b52f3a87.rlib(esp_backtrace-73532fe5b52f3a87.esp_backtrace.6a868f59-cgu.1.rcgu.o):(.literal._ZN99_$LT$core..array..iter..IntoIter$LT$T$C$_$GT$$u20$as$u20$core..iter..traits..iterator..Iterator$GT$4next17h56df1bf39180007eE)
42001324 42001324       44     4         /home/mabez/development/rust/embedded/hal/esp-hal/esp32s3-hal/target/xtensa-esp32s3-none-elf/debug/deps/libesp_backtrace-73532fe5b52f3a87.rlib(esp_backtrace-73532fe5b52f3a87.esp_backtrace.6a868f59-cgu.1.rcgu.o):(.text._ZN99_$LT$core..array..iter..IntoIter$LT$T$C$_$GT$$u20$as$u20$core..iter..traits..iterator..Iterator$GT$4next17h56df1bf39180007eE)
42001324 42001324       44     1                 _$LT$core..array..iter..IntoIter$LT$T$C$_$GT$$u20$as$u20$core..iter..traits..iterator..Iterator$GT$::next::h56df1bf39180007e
42001368 42001368        c     4         /home/mabez/development/rust/embedded/hal/esp-hal/esp32s3-hal/target/xtensa-esp32s3-none-elf/debug/deps/libesp_backtrace-73532fe5b52f3a87.rlib(esp_backtrace-73532fe5b52f3a87.esp_backtrace.6a868f59-cgu.6.rcgu.o):(.literal._ZN4core3ptr9const_ptr33_$LT$impl$u20$$BP$const$u20$T$GT$13read_volatile17hf325727d92077bc1E.llvm.6915684454336700978)
42001374 42001374       24     4         /home/mabez/development/rust/embedded/hal/esp-hal/esp32s3-hal/target/xtensa-esp32s3-none-elf/debug/deps/libesp_backtrace-73532fe5b52f3a87.rlib(esp_backtrace-73532fe5b52f3a87.esp_backtrace.6a868f59-cgu.6.rcgu.o):(.text._ZN4core3ptr9const_ptr33_$LT$impl$u20$$BP$const$u20$T$GT$13read_volatile17hf325727d92077bc1E.llvm.6915684454336700978)
42001374 42001374       24     1                 core::ptr::const_ptr::_$LT$impl$u20$$BP$const$u20$T$GT$::read_volatile::hf325727d92077bc1 (.llvm.6915684454336700978)
42001398 42001398        4     4         /home/mabez/development/rust/embedded/hal/esp-hal/esp32s3-hal/target/xtensa-esp32s3-none-elf/debug/deps/libesp_backtrace-73532fe5b52f3a87.rlib(esp_backtrace-73532fe5b52f3a87.esp_backtrace.6a868f59-cgu.6.rcgu.o):(.literal._ZN13esp_backtrace4arch9backtrace17hdf4d5e6a4f831972E)
4200139c 4200139c       12     4         /home/mabez/development/rust/embedded/hal/esp-hal/esp32s3-hal/target/xtensa-esp32s3-none-elf/debug/deps/libesp_backtrace-73532fe5b52f3a87.rlib(esp_backtrace-73532fe5b52f3a87.esp_backtrace.6a868f59-cgu.6.rcgu.o):(.text._ZN13esp_backtrace4arch9backtrace17hdf4d5e6a4f831972E)
4200139c 4200139c       12     1                 esp_backtrace::arch::backtrace::hdf4d5e6a4f831972
420013b0 420013b0       24     4         /home/mabez/development/rust/embedded/hal/esp-hal/esp32s3-hal/target/xtensa-esp32s3-none-elf/debug/deps/libesp_backtrace-73532fe5b52f3a87.rlib(esp_backtrace-73532fe5b52f3a87.esp_backtrace.6a868f59-cgu.6.rcgu.o):(.literal._ZN13esp_backtrace4arch18backtrace_internal17h0b7115978aba0a18E)
420013d4 420013d4       b4     4         /home/mabez/development/rust/embedded/hal/esp-hal/esp32s3-hal/target/xtensa-esp32s3-none-elf/debug/deps/libesp_backtrace-73532fe5b52f3a87.rlib(esp_backtrace-73532fe5b52f3a87.esp_backtrace.6a868f59-cgu.6.rcgu.o):(.text._ZN13esp_backtrace4arch18backtrace_internal17h0b7115978aba0a18E)
420013d4 420013d4       b4     1                 esp_backtrace::arch::backtrace_internal::h0b7115978aba0a18
42001488 42001488       10     4         /home/mabez/development/rust/embedded/hal/esp-hal/esp32s3-hal/target/xtensa-esp32s3-none-elf/debug/deps/libesp32s3_hal-1203a97a69cadfef.rlib(esp32s3_hal-1203a97a69cadfef.sc51rf2ap4k8rhr.rcgu.o):(.literal.EspDefaultHandler)
42001498 42001498       40     4         /home/mabez/development/rust/embedded/hal/esp-hal/esp32s3-hal/target/xtensa-esp32s3-none-elf/debug/deps/libesp32s3_hal-1203a97a69cadfef.rlib(esp32s3_hal-1203a97a69cadfef.sc51rf2ap4k8rhr.rcgu.o):(.text.EspDefaultHandler)
42001498 42001498       40     1                 EspDefaultHandler
420014d8 420014d8        c     4         /home/mabez/development/rust/embedded/hal/esp-hal/esp32s3-hal/target/xtensa-esp32s3-none-elf/debug/deps/libesp32s3_hal-1203a97a69cadfef.rlib(esp32s3_hal-1203a97a69cadfef.sc51rf2ap4k8rhr.rcgu.o):(.literal.DefaultHandler)
420014e4 420014e4       25     4         /home/mabez/development/rust/embedded/hal/esp-hal/esp32s3-hal/target/xtensa-esp32s3-none-elf/debug/deps/libesp32s3_hal-1203a97a69cadfef.rlib(esp32s3_hal-1203a97a69cadfef.sc51rf2ap4k8rhr.rcgu.o):(.text.DefaultHandler)
420014e4 420014e4       25     1                 DefaultHandler
4200150c 4200150c        7     4         /home/mabez/development/rust/embedded/hal/esp-hal/esp32s3-hal/target/xtensa-esp32s3-none-elf/debug/deps/libesp32s3_hal-1203a97a69cadfef.rlib(esp32s3_hal-1203a97a69cadfef.sc51rf2ap4k8rhr.rcgu.o):(.text.__init_data)
4200150c 4200150c        7     1                 __init_data
42001514 42001514        5     4         /home/mabez/development/rust/embedded/hal/esp-hal/esp32s3-hal/target/xtensa-esp32s3-none-elf/debug/deps/libesp_hal_common-f82109b43944d9aa.rlib(esp_hal_common-f82109b43944d9aa.1ce71tk12aa871o2.rcgu.o):(.text._ZN14esp_hal_common8rtc_cntl3rtc4init17ha9f6c319a5a161baE)
42001514 42001514        5     1                 esp_hal_common::rtc_cntl::rtc::init::ha9f6c319a5a161ba
4200151c 4200151c       2c     4         /home/mabez/development/rust/embedded/hal/esp-hal/esp32s3-hal/target/xtensa-esp32s3-none-elf/debug/deps/libesp_hal_common-f82109b43944d9aa.rlib(esp_hal_common-f82109b43944d9aa.1ce71tk12aa871o2.rcgu.o):(.literal._ZN14esp_hal_common8rtc_cntl3rtc15configure_clock17hea67d37fb16f8271E)
42001548 42001548       65     4         /home/mabez/development/rust/embedded/hal/esp-hal/esp32s3-hal/target/xtensa-esp32s3-none-elf/debug/deps/libesp_hal_common-f82109b43944d9aa.rlib(esp_hal_common-f82109b43944d9aa.1ce71tk12aa871o2.rcgu.o):(.text._ZN14esp_hal_common8rtc_cntl3rtc15configure_clock17hea67d37fb16f8271E)
42001548 42001548       65     1                 esp_hal_common::rtc_cntl::rtc::configure_clock::hea67d37fb16f8271
420015b0 420015b0       10     4         /home/mabez/development/rust/embedded/hal/esp-hal/esp32s3-hal/target/xtensa-esp32s3-none-elf/debug/deps/libesp_hal_common-f82109b43944d9aa.rlib(esp_hal_common-f82109b43944d9aa.1meqyh0c7fiukvb9.rcgu.o):(.literal._ZN5fugit4rate23Rate$LT$u32$C$_$C$_$GT$3MHz17ha4c769c235ce7af0E.llvm.17679451659435644818)
420015c0 420015c0       29     4         /home/mabez/development/rust/embedded/hal/esp-hal/esp32s3-hal/target/xtensa-esp32s3-none-elf/debug/deps/libesp_hal_common-f82109b43944d9aa.rlib(esp_hal_common-f82109b43944d9aa.1meqyh0c7fiukvb9.rcgu.o):(.text._ZN5fugit4rate23Rate$LT$u32$C$_$C$_$GT$3MHz17ha4c769c235ce7af0E.llvm.17679451659435644818)
420015c0 420015c0       29     1                 fugit::rate::Rate$LT$u32$C$_$C$_$GT$::MHz::ha4c769c235ce7af0 (.llvm.17679451659435644818)
420015ec 420015ec        4     4         /home/mabez/development/rust/embedded/hal/esp-hal/esp32s3-hal/target/xtensa-esp32s3-none-elf/debug/deps/libesp_hal_common-f82109b43944d9aa.rlib(esp_hal_common-f82109b43944d9aa.1meqyh0c7fiukvb9.rcgu.o):(.literal._ZN81_$LT$esp_hal_common..clock..XtalClock$u20$as$u20$esp_hal_common..clock..Clock$GT$9frequency17h0fafc6d0b8c03f86E)
420015f0 420015f0       21     4         /home/mabez/development/rust/embedded/hal/esp-hal/esp32s3-hal/target/xtensa-esp32s3-none-elf/debug/deps/libesp_hal_common-f82109b43944d9aa.rlib(esp_hal_common-f82109b43944d9aa.1meqyh0c7fiukvb9.rcgu.o):(.text._ZN81_$LT$esp_hal_common..clock..XtalClock$u20$as$u20$esp_hal_common..clock..Clock$GT$9frequency17h0fafc6d0b8c03f86E)
420015f0 420015f0       21     1                 _$LT$esp_hal_common..clock..XtalClock$u20$as$u20$esp_hal_common..clock..Clock$GT$::frequency::h0fafc6d0b8c03f86
42001614 42001614       19     4         /home/mabez/development/rust/embedded/hal/esp-hal/esp32s3-hal/target/xtensa-esp32s3-none-elf/debug/deps/libesp_hal_common-f82109b43944d9aa.rlib(esp_hal_common-f82109b43944d9aa.1meqyh0c7fiukvb9.rcgu.o):(.text._ZN14esp_hal_common5clock12ClockControl6freeze17h6329511bdf270061E)
42001614 42001614       19     1                 esp_hal_common::clock::ClockControl::freeze::h6329511bdf270061
42001630 42001630        c     4         /home/mabez/development/rust/embedded/hal/esp-hal/esp32s3-hal/target/xtensa-esp32s3-none-elf/debug/deps/libesp_hal_common-f82109b43944d9aa.rlib(esp_hal_common-f82109b43944d9aa.1w09xqqd3cm3hqp9.rcgu.o):(.literal._ZN4core3fmt5Write10write_char17h742850755f63b661E)
4200163c 4200163c       b5     4         /home/mabez/development/rust/embedded/hal/esp-hal/esp32s3-hal/target/xtensa-esp32s3-none-elf/debug/deps/libesp_hal_common-f82109b43944d9aa.rlib(esp_hal_common-f82109b43944d9aa.1w09xqqd3cm3hqp9.rcgu.o):(.text._ZN4core3fmt5Write10write_char17h742850755f63b661E)
4200163c 4200163c       b5     1                 core::fmt::Write::write_char::h742850755f63b661
420016f4 420016f4        c     4         /home/mabez/development/rust/embedded/hal/esp-hal/esp32s3-hal/target/xtensa-esp32s3-none-elf/debug/deps/libesp_hal_common-f82109b43944d9aa.rlib(esp_hal_common-f82109b43944d9aa.1w09xqqd3cm3hqp9.rcgu.o):(.literal._ZN4core3fmt5Write9write_fmt17hd5149368604a0e56E)
42001700 42001700       26     4         /home/mabez/development/rust/embedded/hal/esp-hal/esp32s3-hal/target/xtensa-esp32s3-none-elf/debug/deps/libesp_hal_common-f82109b43944d9aa.rlib(esp_hal_common-f82109b43944d9aa.1w09xqqd3cm3hqp9.rcgu.o):(.text._ZN4core3fmt5Write9write_fmt17hd5149368604a0e56E)
42001700 42001700       26     1                 core::fmt::Write::write_fmt::hd5149368604a0e56
42001728 42001728        5     4         /home/mabez/development/rust/embedded/hal/esp-hal/esp32s3-hal/target/xtensa-esp32s3-none-elf/debug/deps/libesp_hal_common-f82109b43944d9aa.rlib(esp_hal_common-f82109b43944d9aa.1w09xqqd3cm3hqp9.rcgu.o):(.text._ZN4core3ptr53drop_in_place$LT$$RF$mut$u20$esp_println..Printer$GT$17hf288ba7bc96724d0E.llvm.13160794242371431626)
42001728 42001728        5     1                 core::ptr::drop_in_place$LT$$RF$mut$u20$esp_println..Printer$GT$::hf288ba7bc96724d0 (.llvm.13160794242371431626)
42001730 42001730        4     4         /home/mabez/development/rust/embedded/hal/esp-hal/esp32s3-hal/target/xtensa-esp32s3-none-elf/debug/deps/libesp_hal_common-f82109b43944d9aa.rlib(esp_hal_common-f82109b43944d9aa.1w09xqqd3cm3hqp9.rcgu.o):(.literal._ZN50_$LT$$RF$mut$u20$W$u20$as$u20$core..fmt..Write$GT$10write_char17hcc5b821c36c4c7adE)
42001734 42001734       11     4         /home/mabez/development/rust/embedded/hal/esp-hal/esp32s3-hal/target/xtensa-esp32s3-none-elf/debug/deps/libesp_hal_common-f82109b43944d9aa.rlib(esp_hal_common-f82109b43944d9aa.1w09xqqd3cm3hqp9.rcgu.o):(.text._ZN50_$LT$$RF$mut$u20$W$u20$as$u20$core..fmt..Write$GT$10write_char17hcc5b821c36c4c7adE)
42001734 42001734       11     1                 _$LT$$RF$mut$u20$W$u20$as$u20$core..fmt..Write$GT$::write_char::hcc5b821c36c4c7ad
42001748 42001748        8     4         /home/mabez/development/rust/embedded/hal/esp-hal/esp32s3-hal/target/xtensa-esp32s3-none-elf/debug/deps/libesp_hal_common-f82109b43944d9aa.rlib(esp_hal_common-f82109b43944d9aa.1w09xqqd3cm3hqp9.rcgu.o):(.literal._ZN50_$LT$$RF$mut$u20$W$u20$as$u20$core..fmt..Write$GT$9write_fmt17h31ac0ac67cebd0b4E)
42001750 42001750       22     4         /home/mabez/development/rust/embedded/hal/esp-hal/esp32s3-hal/target/xtensa-esp32s3-none-elf/debug/deps/libesp_hal_common-f82109b43944d9aa.rlib(esp_hal_common-f82109b43944d9aa.1w09xqqd3cm3hqp9.rcgu.o):(.text._ZN50_$LT$$RF$mut$u20$W$u20$as$u20$core..fmt..Write$GT$9write_fmt17h31ac0ac67cebd0b4E)
42001750 42001750       22     1                 _$LT$$RF$mut$u20$W$u20$as$u20$core..fmt..Write$GT$::write_fmt::h31ac0ac67cebd0b4
42001774 42001774        4     4         /home/mabez/development/rust/embedded/hal/esp-hal/esp32s3-hal/target/xtensa-esp32s3-none-elf/debug/deps/libesp_hal_common-f82109b43944d9aa.rlib(esp_hal_common-f82109b43944d9aa.1w09xqqd3cm3hqp9.rcgu.o):(.literal._ZN50_$LT$$RF$mut$u20$W$u20$as$u20$core..fmt..Write$GT$9write_str17hd65b56342af2b56eE)
42001778 42001778       13     4         /home/mabez/development/rust/embedded/hal/esp-hal/esp32s3-hal/target/xtensa-esp32s3-none-elf/debug/deps/libesp_hal_common-f82109b43944d9aa.rlib(esp_hal_common-f82109b43944d9aa.1w09xqqd3cm3hqp9.rcgu.o):(.text._ZN50_$LT$$RF$mut$u20$W$u20$as$u20$core..fmt..Write$GT$9write_str17hd65b56342af2b56eE)
42001778 42001778       13     1                 _$LT$$RF$mut$u20$W$u20$as$u20$core..fmt..Write$GT$::write_str::hd65b56342af2b56e
4200178c 4200178c        8     4         /home/mabez/development/rust/embedded/hal/esp-hal/esp32s3-hal/target/xtensa-esp32s3-none-elf/debug/deps/libesp_hal_common-f82109b43944d9aa.rlib(esp_hal_common-f82109b43944d9aa.3d5uco636e5ax9z4.rcgu.o):(.literal._ZN7esp32s39Interrupt8try_from17h4235bf0e808fcde5E)
42001794 42001794       25     4         /home/mabez/development/rust/embedded/hal/esp-hal/esp32s3-hal/target/xtensa-esp32s3-none-elf/debug/deps/libesp_hal_common-f82109b43944d9aa.rlib(esp_hal_common-f82109b43944d9aa.3d5uco636e5ax9z4.rcgu.o):(.text._ZN7esp32s39Interrupt8try_from17h4235bf0e808fcde5E)
42001794 42001794       25     1                 esp32s3::Interrupt::try_from::h4235bf0e808fcde5
420017bc 420017bc       30     4         /home/mabez/development/rust/embedded/hal/esp-hal/esp32s3-hal/target/xtensa-esp32s3-none-elf/debug/deps/libesp_hal_common-f82109b43944d9aa.rlib(esp_hal_common-f82109b43944d9aa.3d5uco636e5ax9z4.rcgu.o):(.literal._ZN14esp_hal_common9interrupt8vectored25get_configured_interrupts17h7d1d92b6fcfd77e6E)
420017ec 420017ec      1b5     4         /home/mabez/development/rust/embedded/hal/esp-hal/esp32s3-hal/target/xtensa-esp32s3-none-elf/debug/deps/libesp_hal_common-f82109b43944d9aa.rlib(esp_hal_common-f82109b43944d9aa.3d5uco636e5ax9z4.rcgu.o):(.text._ZN14esp_hal_common9interrupt8vectored25get_configured_interrupts17h7d1d92b6fcfd77e6E)
420017ec 420017ec      1b5     1                 esp_hal_common::interrupt::vectored::get_configured_interrupts::h7d1d92b6fcfd77e6
420019a4 420019a4        c     4         /home/mabez/development/rust/embedded/hal/esp-hal/esp32s3-hal/target/xtensa-esp32s3-none-elf/debug/deps/libesp_hal_common-f82109b43944d9aa.rlib(esp_hal_common-f82109b43944d9aa.3d5uco636e5ax9z4.rcgu.o):(.literal._ZN14esp_hal_common9interrupt8vectored6enable17h1e1a6826257a14adE)
420019b0 420019b0       58     4         /home/mabez/development/rust/embedded/hal/esp-hal/esp32s3-hal/target/xtensa-esp32s3-none-elf/debug/deps/libesp_hal_common-f82109b43944d9aa.rlib(esp_hal_common-f82109b43944d9aa.3d5uco636e5ax9z4.rcgu.o):(.text._ZN14esp_hal_common9interrupt8vectored6enable17h1e1a6826257a14adE)
420019b0 420019b0       58     1                 esp_hal_common::interrupt::vectored::enable::h1e1a6826257a14ad
42001a08 42001a08        8     4         /home/mabez/development/rust/embedded/hal/esp-hal/esp32s3-hal/target/xtensa-esp32s3-none-elf/debug/deps/libesp_hal_common-f82109b43944d9aa.rlib(esp_hal_common-f82109b43944d9aa.3d5uco636e5ax9z4.rcgu.o):(.literal._ZN79_$LT$esp_hal_common..interrupt..vectored..Error$u20$as$u20$core..fmt..Debug$GT$3fmt17ha3443602e1abc453E)
42001a10 42001a10       14     4         /home/mabez/development/rust/embedded/hal/esp-hal/esp32s3-hal/target/xtensa-esp32s3-none-elf/debug/deps/libesp_hal_common-f82109b43944d9aa.rlib(esp_hal_common-f82109b43944d9aa.3d5uco636e5ax9z4.rcgu.o):(.text._ZN79_$LT$esp_hal_common..interrupt..vectored..Error$u20$as$u20$core..fmt..Debug$GT$3fmt17ha3443602e1abc453E)
42001a10 42001a10       14     1                 _$LT$esp_hal_common..interrupt..vectored..Error$u20$as$u20$core..fmt..Debug$GT$::fmt::ha3443602e1abc453
42001a24 42001a24       14     4         /home/mabez/development/rust/embedded/hal/esp-hal/esp32s3-hal/target/xtensa-esp32s3-none-elf/debug/deps/libesp_hal_common-f82109b43944d9aa.rlib(esp_hal_common-f82109b43944d9aa.3lyac2736ft3xjmi.rcgu.o):(.literal._ZN4core4cell13Cell$LT$T$GT$3set17h47b27f2916a9771cE)
42001a38 42001a38       37     4         /home/mabez/development/rust/embedded/hal/esp-hal/esp32s3-hal/target/xtensa-esp32s3-none-elf/debug/deps/libesp_hal_common-f82109b43944d9aa.rlib(esp_hal_common-f82109b43944d9aa.3lyac2736ft3xjmi.rcgu.o):(.text._ZN4core4cell13Cell$LT$T$GT$3set17h47b27f2916a9771cE)
42001a38 42001a38       37     1                 core::cell::Cell$LT$T$GT$::set::h47b27f2916a9771c
42001a70 42001a70       24     4         /home/mabez/development/rust/embedded/hal/esp-hal/esp32s3-hal/target/xtensa-esp32s3-none-elf/debug/deps/libesp_hal_common-f82109b43944d9aa.rlib(esp_hal_common-f82109b43944d9aa.3lyac2736ft3xjmi.rcgu.o):(.literal._ZN14esp_hal_common21critical_section_impl6xtensa107_$LT$impl$u20$critical_section..Impl$u20$for$u20$esp_hal_common..critical_section_impl..CriticalSection$GT$7acquire17h0f887a946571b443E)
42001a94 42001a94       c4     4         /home/mabez/development/rust/embedded/hal/esp-hal/esp32s3-hal/target/xtensa-esp32s3-none-elf/debug/deps/libesp_hal_common-f82109b43944d9aa.rlib(esp_hal_common-f82109b43944d9aa.3lyac2736ft3xjmi.rcgu.o):(.text._ZN14esp_hal_common21critical_section_impl6xtensa107_$LT$impl$u20$critical_section..Impl$u20$for$u20$esp_hal_common..critical_section_impl..CriticalSection$GT$7acquire17h0f887a946571b443E)
42001a94 42001a94       c4     1                 esp_hal_common::critical_section_impl::xtensa::_$LT$impl$u20$critical_section..Impl$u20$for$u20$esp_hal_common..critical_section_impl..CriticalSection$GT$::acquire::h0f887a946571b443
42001b58 42001b58       20     4         /home/mabez/development/rust/embedded/hal/esp-hal/esp32s3-hal/target/xtensa-esp32s3-none-elf/debug/deps/libesp_hal_common-f82109b43944d9aa.rlib(esp_hal_common-f82109b43944d9aa.3lyac2736ft3xjmi.rcgu.o):(.literal._ZN14esp_hal_common21critical_section_impl6xtensa107_$LT$impl$u20$critical_section..Impl$u20$for$u20$esp_hal_common..critical_section_impl..CriticalSection$GT$7release17h2bc6bf8693e0390cE)
42001b78 42001b78       61     4         /home/mabez/development/rust/embedded/hal/esp-hal/esp32s3-hal/target/xtensa-esp32s3-none-elf/debug/deps/libesp_hal_common-f82109b43944d9aa.rlib(esp_hal_common-f82109b43944d9aa.3lyac2736ft3xjmi.rcgu.o):(.text._ZN14esp_hal_common21critical_section_impl6xtensa107_$LT$impl$u20$critical_section..Impl$u20$for$u20$esp_hal_common..critical_section_impl..CriticalSection$GT$7release17h2bc6bf8693e0390cE)
42001b78 42001b78       61     1                 esp_hal_common::critical_section_impl::xtensa::_$LT$impl$u20$critical_section..Impl$u20$for$u20$esp_hal_common..critical_section_impl..CriticalSection$GT$::release::h2bc6bf8693e0390c
42001bdc 42001bdc        4     4         /home/mabez/development/rust/embedded/hal/esp-hal/esp32s3-hal/target/xtensa-esp32s3-none-elf/debug/deps/libesp_hal_common-f82109b43944d9aa.rlib(esp_hal_common-f82109b43944d9aa.3lyac2736ft3xjmi.rcgu.o):(.literal._critical_section_1_0_acquire)
42001be0 42001be0        d     4         /home/mabez/development/rust/embedded/hal/esp-hal/esp32s3-hal/target/xtensa-esp32s3-none-elf/debug/deps/libesp_hal_common-f82109b43944d9aa.rlib(esp_hal_common-f82109b43944d9aa.3lyac2736ft3xjmi.rcgu.o):(.text._critical_section_1_0_acquire)
42001be0 42001be0        d     1                 _critical_section_1_0_acquire
42001bf0 42001bf0        4     4         /home/mabez/development/rust/embedded/hal/esp-hal/esp32s3-hal/target/xtensa-esp32s3-none-elf/debug/deps/libesp_hal_common-f82109b43944d9aa.rlib(esp_hal_common-f82109b43944d9aa.3lyac2736ft3xjmi.rcgu.o):(.literal._critical_section_1_0_release)
42001bf4 42001bf4        d     4         /home/mabez/development/rust/embedded/hal/esp-hal/esp32s3-hal/target/xtensa-esp32s3-none-elf/debug/deps/libesp_hal_common-f82109b43944d9aa.rlib(esp_hal_common-f82109b43944d9aa.3lyac2736ft3xjmi.rcgu.o):(.text._critical_section_1_0_release)
42001bf4 42001bf4        d     1                 _critical_section_1_0_release
42001c04 42001c04       10     4         /home/mabez/development/rust/embedded/hal/esp-hal/esp32s3-hal/target/xtensa-esp32s3-none-elf/debug/deps/libesp_hal_common-f82109b43944d9aa.rlib(esp_hal_common-f82109b43944d9aa.3y60aehw20ln4gkx.rcgu.o):(.literal._ZN5fugit4rate23Rate$LT$u64$C$_$C$_$GT$3MHz17h86296b900c018fa5E)
42001c14 42001c14       3f     4         /home/mabez/development/rust/embedded/hal/esp-hal/esp32s3-hal/target/xtensa-esp32s3-none-elf/debug/deps/libesp_hal_common-f82109b43944d9aa.rlib(esp_hal_common-f82109b43944d9aa.3y60aehw20ln4gkx.rcgu.o):(.text._ZN5fugit4rate23Rate$LT$u64$C$_$C$_$GT$3MHz17h86296b900c018fa5E)
42001c14 42001c14       3f     1                 fugit::rate::Rate$LT$u64$C$_$C$_$GT$::MHz::h86296b900c018fa5
42001c54 42001c54        8     4         /home/mabez/development/rust/embedded/hal/esp-hal/esp32s3-hal/target/xtensa-esp32s3-none-elf/debug/deps/libesp_hal_common-f82109b43944d9aa.rlib(esp_hal_common-f82109b43944d9aa.3y60aehw20ln4gkx.rcgu.o):(.literal._ZN14esp_hal_common5delay5delay5Delay3new17h157501fb6615b291E)
42001c5c 42001c5c       19     4         /home/mabez/development/rust/embedded/hal/esp-hal/esp32s3-hal/target/xtensa-esp32s3-none-elf/debug/deps/libesp_hal_common-f82109b43944d9aa.rlib(esp_hal_common-f82109b43944d9aa.3y60aehw20ln4gkx.rcgu.o):(.text._ZN14esp_hal_common5delay5delay5Delay3new17h157501fb6615b291E)
42001c5c 42001c5c       19     1                 esp_hal_common::delay::delay::Delay::new::h157501fb6615b291
42001c78 42001c78       14     4         /home/mabez/development/rust/embedded/hal/esp-hal/esp32s3-hal/target/xtensa-esp32s3-none-elf/debug/deps/libesp_hal_common-f82109b43944d9aa.rlib(esp_hal_common-f82109b43944d9aa.3y60aehw20ln4gkx.rcgu.o):(.literal._ZN14esp_hal_common5delay5delay5Delay5delay17hfc007a1599ab82d8E)
42001c8c 42001c8c       55     4         /home/mabez/development/rust/embedded/hal/esp-hal/esp32s3-hal/target/xtensa-esp32s3-none-elf/debug/deps/libesp_hal_common-f82109b43944d9aa.rlib(esp_hal_common-f82109b43944d9aa.3y60aehw20ln4gkx.rcgu.o):(.text._ZN14esp_hal_common5delay5delay5Delay5delay17hfc007a1599ab82d8E)
42001c8c 42001c8c       55     1                 esp_hal_common::delay::delay::Delay::delay::hfc007a1599ab82d8
42001ce4 42001ce4        4     4         /home/mabez/development/rust/embedded/hal/esp-hal/esp32s3-hal/target/xtensa-esp32s3-none-elf/debug/deps/libesp_hal_common-f82109b43944d9aa.rlib(esp_hal_common-f82109b43944d9aa.4vs2ekq7z0wki3so.rcgu.o):(.literal._ZN7esp32s37generic8mask_u3217h305c573990811ff8E)
42001ce8 42001ce8        8     4         /home/mabez/development/rust/embedded/hal/esp-hal/esp32s3-hal/target/xtensa-esp32s3-none-elf/debug/deps/libesp_hal_common-f82109b43944d9aa.rlib(esp_hal_common-f82109b43944d9aa.4vs2ekq7z0wki3so.rcgu.o):(.text._ZN7esp32s37generic8mask_u3217h305c573990811ff8E)
42001ce8 42001ce8        8     1                 esp32s3::generic::mask_u32::h305c573990811ff8
42001cf0 42001cf0        7     4         /home/mabez/development/rust/embedded/hal/esp-hal/esp32s3-hal/target/xtensa-esp32s3-none-elf/debug/deps/libesp_hal_common-f82109b43944d9aa.rlib(esp_hal_common-f82109b43944d9aa.4vs2ekq7z0wki3so.rcgu.o):(.text._ZN7esp32s37generic8mask_u3217hbc0e732a070bdc83E)
42001cf0 42001cf0        7     1                 esp32s3::generic::mask_u32::hbc0e732a070bdc83
42001cf8 42001cf8       14     4         /home/mabez/development/rust/embedded/hal/esp-hal/esp32s3-hal/target/xtensa-esp32s3-none-elf/debug/deps/libesp_hal_common-f82109b43944d9aa.rlib(esp_hal_common-f82109b43944d9aa.53mhv3am4czedjkg.rcgu.o):(.literal._ZN14esp_hal_common8rtc_cntl8RtcClock13get_xtal_freq17h5eca50977b5dd195E)
42001d0c 42001d0c       58     4         /home/mabez/development/rust/embedded/hal/esp-hal/esp32s3-hal/target/xtensa-esp32s3-none-elf/debug/deps/libesp_hal_common-f82109b43944d9aa.rlib(esp_hal_common-f82109b43944d9aa.53mhv3am4czedjkg.rcgu.o):(.text._ZN14esp_hal_common8rtc_cntl8RtcClock13get_xtal_freq17h5eca50977b5dd195E)
42001d0c 42001d0c       58     1                 esp_hal_common::rtc_cntl::RtcClock::get_xtal_freq::h5eca50977b5dd195
42001d64 42001d64       1c     4         /home/mabez/development/rust/embedded/hal/esp-hal/esp32s3-hal/target/xtensa-esp32s3-none-elf/debug/deps/libesp_hal_common-f82109b43944d9aa.rlib(esp_hal_common-f82109b43944d9aa.53mhv3am4czedjkg.rcgu.o):(.literal._ZN14esp_hal_common8rtc_cntl8RtcClock13get_slow_freq17h9d7f1df9df34cb6bE)
42001d80 42001d80       43     4         /home/mabez/development/rust/embedded/hal/esp-hal/esp32s3-hal/target/xtensa-esp32s3-none-elf/debug/deps/libesp_hal_common-f82109b43944d9aa.rlib(esp_hal_common-f82109b43944d9aa.53mhv3am4czedjkg.rcgu.o):(.text._ZN14esp_hal_common8rtc_cntl8RtcClock13get_slow_freq17h9d7f1df9df34cb6bE)
42001d80 42001d80       43     1                 esp_hal_common::rtc_cntl::RtcClock::get_slow_freq::h9d7f1df9df34cb6b
42001dc4 42001dc4       1c     4         /home/mabez/development/rust/embedded/hal/esp-hal/esp32s3-hal/target/xtensa-esp32s3-none-elf/debug/deps/libesp_hal_common-f82109b43944d9aa.rlib(esp_hal_common-f82109b43944d9aa.53mhv3am4czedjkg.rcgu.o):(.literal._ZN14esp_hal_common8rtc_cntl8RtcClock13set_slow_freq17h1efb54af595fadb6E)
42001de0 42001de0       76     4         /home/mabez/development/rust/embedded/hal/esp-hal/esp32s3-hal/target/xtensa-esp32s3-none-elf/debug/deps/libesp_hal_common-f82109b43944d9aa.rlib(esp_hal_common-f82109b43944d9aa.53mhv3am4czedjkg.rcgu.o):(.text._ZN14esp_hal_common8rtc_cntl8RtcClock13set_slow_freq17h1efb54af595fadb6E)
42001de0 42001de0       76     1                 esp_hal_common::rtc_cntl::RtcClock::set_slow_freq::h1efb54af595fadb6
42001e58 42001e58       20     4         /home/mabez/development/rust/embedded/hal/esp-hal/esp32s3-hal/target/xtensa-esp32s3-none-elf/debug/deps/libesp_hal_common-f82109b43944d9aa.rlib(esp_hal_common-f82109b43944d9aa.53mhv3am4czedjkg.rcgu.o):(.literal._ZN14esp_hal_common8rtc_cntl8RtcClock13set_fast_freq17h401877bdd8846f51E)
42001e78 42001e78       56     4         /home/mabez/development/rust/embedded/hal/esp-hal/esp32s3-hal/target/xtensa-esp32s3-none-elf/debug/deps/libesp_hal_common-f82109b43944d9aa.rlib(esp_hal_common-f82109b43944d9aa.53mhv3am4czedjkg.rcgu.o):(.text._ZN14esp_hal_common8rtc_cntl8RtcClock13set_fast_freq17h401877bdd8846f51E)
42001e78 42001e78       56     1                 esp_hal_common::rtc_cntl::RtcClock::set_fast_freq::h401877bdd8846f51
42001ed0 42001ed0       54     4         /home/mabez/development/rust/embedded/hal/esp-hal/esp32s3-hal/target/xtensa-esp32s3-none-elf/debug/deps/libesp_hal_common-f82109b43944d9aa.rlib(esp_hal_common-f82109b43944d9aa.53mhv3am4czedjkg.rcgu.o):(.literal._ZN14esp_hal_common8rtc_cntl8RtcClock18calibrate_internal17h0862e51ed1dbc6f9E.llvm.3114181589279419225)
42001f24 42001f24      30e     4         /home/mabez/development/rust/embedded/hal/esp-hal/esp32s3-hal/target/xtensa-esp32s3-none-elf/debug/deps/libesp_hal_common-f82109b43944d9aa.rlib(esp_hal_common-f82109b43944d9aa.53mhv3am4czedjkg.rcgu.o):(.text._ZN14esp_hal_common8rtc_cntl8RtcClock18calibrate_internal17h0862e51ed1dbc6f9E.llvm.3114181589279419225)
42001f24 42001f24      30e     1                 esp_hal_common::rtc_cntl::RtcClock::calibrate_internal::h0862e51ed1dbc6f9 (.llvm.3114181589279419225)
42002234 42002234       20     4         /home/mabez/development/rust/embedded/hal/esp-hal/esp32s3-hal/target/xtensa-esp32s3-none-elf/debug/deps/libesp_hal_common-f82109b43944d9aa.rlib(esp_hal_common-f82109b43944d9aa.53mhv3am4czedjkg.rcgu.o):(.literal._ZN14esp_hal_common8rtc_cntl8RtcClock9calibrate17he128aa5b956fc3d0E)
42002254 42002254       99     4         /home/mabez/development/rust/embedded/hal/esp-hal/esp32s3-hal/target/xtensa-esp32s3-none-elf/debug/deps/libesp_hal_common-f82109b43944d9aa.rlib(esp_hal_common-f82109b43944d9aa.53mhv3am4czedjkg.rcgu.o):(.text._ZN14esp_hal_common8rtc_cntl8RtcClock9calibrate17he128aa5b956fc3d0E)
42002254 42002254       99     1                 esp_hal_common::rtc_cntl::RtcClock::calibrate::he128aa5b956fc3d0
420022f0 420022f0        7     4         /home/mabez/development/rust/embedded/hal/esp-hal/esp32s3-hal/target/xtensa-esp32s3-none-elf/debug/deps/libesp_hal_common-f82109b43944d9aa.rlib(esp_hal_common-f82109b43944d9aa.53mhv3am4czedjkg.rcgu.o):(.text._ZN73_$LT$esp_hal_common..rtc_cntl..Rwdt$u20$as$u20$core..default..Default$GT$7default17hcb1f776bb7710384E)
420022f0 420022f0        7     1                 _$LT$esp_hal_common..rtc_cntl..Rwdt$u20$as$u20$core..default..Default$GT$::default::hcb1f776bb7710384
420022f8 420022f8       14     4         /home/mabez/development/rust/embedded/hal/esp-hal/esp32s3-hal/target/xtensa-esp32s3-none-elf/debug/deps/libesp_hal_common-f82109b43944d9aa.rlib(esp_hal_common-f82109b43944d9aa.53mhv3am4czedjkg.rcgu.o):(.literal._ZN14esp_hal_common8rtc_cntl4Rwdt20set_write_protection17h1ff54c5b0dfa4416E)
4200230c 4200230c       2f     4         /home/mabez/development/rust/embedded/hal/esp-hal/esp32s3-hal/target/xtensa-esp32s3-none-elf/debug/deps/libesp_hal_common-f82109b43944d9aa.rlib(esp_hal_common-f82109b43944d9aa.53mhv3am4czedjkg.rcgu.o):(.text._ZN14esp_hal_common8rtc_cntl4Rwdt20set_write_protection17h1ff54c5b0dfa4416E)
4200230c 4200230c       2f     1                 esp_hal_common::rtc_cntl::Rwdt::set_write_protection::h1ff54c5b0dfa4416
4200233c 4200233c       1c     4         /home/mabez/development/rust/embedded/hal/esp-hal/esp32s3-hal/target/xtensa-esp32s3-none-elf/debug/deps/libesp_hal_common-f82109b43944d9aa.rlib(esp_hal_common-f82109b43944d9aa.53mhv3am4czedjkg.rcgu.o):(.literal._ZN90_$LT$esp_hal_common..rtc_cntl..Rwdt$u20$as$u20$embedded_hal..watchdog..WatchdogDisable$GT$7disable17hb7b870cd96be6ae0E)
42002358 42002358       50     4         /home/mabez/development/rust/embedded/hal/esp-hal/esp32s3-hal/target/xtensa-esp32s3-none-elf/debug/deps/libesp_hal_common-f82109b43944d9aa.rlib(esp_hal_common-f82109b43944d9aa.53mhv3am4czedjkg.rcgu.o):(.text._ZN90_$LT$esp_hal_common..rtc_cntl..Rwdt$u20$as$u20$embedded_hal..watchdog..WatchdogDisable$GT$7disable17hb7b870cd96be6ae0E)
42002358 42002358       50     1                 _$LT$esp_hal_common..rtc_cntl..Rwdt$u20$as$u20$embedded_hal..watchdog..WatchdogDisable$GT$::disable::hb7b870cd96be6ae0
420023a8 420023a8        5     4         /home/mabez/development/rust/embedded/hal/esp-hal/esp32s3-hal/target/xtensa-esp32s3-none-elf/debug/deps/libesp_hal_common-f82109b43944d9aa.rlib(esp_hal_common-f82109b43944d9aa.53mhv3am4czedjkg.rcgu.o):(.text._ZN14esp_hal_common8rtc_cntl3Swd3new17hdface6a62371a749E)
420023a8 420023a8        5     1                 esp_hal_common::rtc_cntl::Swd::new::hdface6a62371a749
420023b0 420023b0        8     4         /home/mabez/development/rust/embedded/hal/esp-hal/esp32s3-hal/target/xtensa-esp32s3-none-elf/debug/deps/libesp_hal_common-f82109b43944d9aa.rlib(esp_hal_common-f82109b43944d9aa.2mcyv0uqcd7gjys.rcgu.o):(.literal._ZN14esp_hal_common5clock5Clock3mhz17h74c16c8bf924a6d4E)
420023b8 420023b8       13     4         /home/mabez/development/rust/embedded/hal/esp-hal/esp32s3-hal/target/xtensa-esp32s3-none-elf/debug/deps/libesp_hal_common-f82109b43944d9aa.rlib(esp_hal_common-f82109b43944d9aa.2mcyv0uqcd7gjys.rcgu.o):(.text._ZN14esp_hal_common5clock5Clock3mhz17h74c16c8bf924a6d4E)
420023b8 420023b8       13     1                 esp_hal_common::clock::Clock::mhz::h74c16c8bf924a6d4
420023cc 420023cc        5     4         /home/mabez/development/rust/embedded/hal/esp-hal/esp32s3-hal/target/xtensa-esp32s3-none-elf/debug/deps/libesp_hal_common-f82109b43944d9aa.rlib(esp_hal_common-f82109b43944d9aa.5ggutw2h1r86o9r3.rcgu.o):(.text._ZN5fugit7helpers14greater_than_017h7371c2245681a8c7E)
420023cc 420023cc        5     1                 fugit::helpers::greater_than_0::h7371c2245681a8c7
420023d4 420023d4       18     4         /home/mabez/development/rust/embedded/hal/esp-hal/esp32s3-hal/target/xtensa-esp32s3-none-elf/debug/deps/libesp_hal_common-f82109b43944d9aa.rlib(esp_hal_common-f82109b43944d9aa.fheknttv4ggllss.rcgu.o):(.literal._ZN14esp_hal_common9interrupt3map17h9cd373048feb5f25E)
420023ec 420023ec       3b     4         /home/mabez/development/rust/embedded/hal/esp-hal/esp32s3-hal/target/xtensa-esp32s3-none-elf/debug/deps/libesp_hal_common-f82109b43944d9aa.rlib(esp_hal_common-f82109b43944d9aa.fheknttv4ggllss.rcgu.o):(.text._ZN14esp_hal_common9interrupt3map17h9cd373048feb5f25E)
420023ec 420023ec       3b     1                 esp_hal_common::interrupt::map::h9cd373048feb5f25
42002428 42002428       24     4         /home/mabez/development/rust/embedded/hal/esp-hal/esp32s3-hal/target/xtensa-esp32s3-none-elf/debug/deps/libesp_hal_common-f82109b43944d9aa.rlib(esp_hal_common-f82109b43944d9aa.fheknttv4ggllss.rcgu.o):(.literal._ZN14esp_hal_common9interrupt10get_status17h42e8c3495ff0985eE)
4200244c 4200244c       75     4         /home/mabez/development/rust/embedded/hal/esp-hal/esp32s3-hal/target/xtensa-esp32s3-none-elf/debug/deps/libesp_hal_common-f82109b43944d9aa.rlib(esp_hal_common-f82109b43944d9aa.fheknttv4ggllss.rcgu.o):(.text._ZN14esp_hal_common9interrupt10get_status17h42e8c3495ff0985eE)
4200244c 4200244c       75     1                 esp_hal_common::interrupt::get_status::h42e8c3495ff0985e
420024c4 420024c4       24     4         /home/mabez/development/rust/embedded/hal/esp-hal/esp32s3-hal/target/xtensa-esp32s3-none-elf/debug/deps/libesp_hal_common-f82109b43944d9aa.rlib(esp_hal_common-f82109b43944d9aa.vknymkvp68q77j7.rcgu.o):(.literal._ZN14esp_hal_common8systimer11SystemTimer3now17ha8fe7d6edf4b4519E)
420024e8 420024e8       79     4         /home/mabez/development/rust/embedded/hal/esp-hal/esp32s3-hal/target/xtensa-esp32s3-none-elf/debug/deps/libesp_hal_common-f82109b43944d9aa.rlib(esp_hal_common-f82109b43944d9aa.vknymkvp68q77j7.rcgu.o):(.text._ZN14esp_hal_common8systimer11SystemTimer3now17ha8fe7d6edf4b4519E)
420024e8 420024e8       79     1                 esp_hal_common::systimer::SystemTimer::now::ha8fe7d6edf4b4519
42002564 42002564        8     4         /home/mabez/development/rust/embedded/hal/esp-hal/esp32s3-hal/target/xtensa-esp32s3-none-elf/debug/deps/libesp_println-8ede10eb092a1ade.rlib(esp_println-8ede10eb092a1ade.esp_println.db5e150f-cgu.0.rcgu.o):(.literal._ZN57_$LT$esp_println..Printer$u20$as$u20$core..fmt..Write$GT$9write_str17hdb41aa5e9a0f31e9E)
4200256c 4200256c       26     4         /home/mabez/development/rust/embedded/hal/esp-hal/esp32s3-hal/target/xtensa-esp32s3-none-elf/debug/deps/libesp_println-8ede10eb092a1ade.rlib(esp_println-8ede10eb092a1ade.esp_println.db5e150f-cgu.0.rcgu.o):(.text._ZN57_$LT$esp_println..Printer$u20$as$u20$core..fmt..Write$GT$9write_str17hdb41aa5e9a0f31e9E)
4200256c 4200256c       26     1                 _$LT$esp_println..Printer$u20$as$u20$core..fmt..Write$GT$::write_str::hdb41aa5e9a0f31e9
42002594 42002594        8     4         /home/mabez/development/rust/embedded/hal/esp-hal/esp32s3-hal/target/xtensa-esp32s3-none-elf/debug/deps/libxtensa_lx_rt-c5c2bd0f530ba6cb.rlib(xtensa_lx_rt-c5c2bd0f530ba6cb.22wricwq25o5qcc3.rcgu.o):(.literal._ZN2r08zero_bss17h5959c00e20569fccE)
4200259c 4200259c       2e     4         /home/mabez/development/rust/embedded/hal/esp-hal/esp32s3-hal/target/xtensa-esp32s3-none-elf/debug/deps/libxtensa_lx_rt-c5c2bd0f530ba6cb.rlib(xtensa_lx_rt-c5c2bd0f530ba6cb.22wricwq25o5qcc3.rcgu.o):(.text._ZN2r08zero_bss17h5959c00e20569fccE)
4200259c 4200259c       2e     1                 r0::zero_bss::h5959c00e20569fcc
420025cc 420025cc        c     4         /home/mabez/development/rust/embedded/hal/esp-hal/esp32s3-hal/target/xtensa-esp32s3-none-elf/debug/deps/libxtensa_lx_rt-c5c2bd0f530ba6cb.rlib(xtensa_lx_rt-c5c2bd0f530ba6cb.22wricwq25o5qcc3.rcgu.o):(.literal._ZN2r09init_data17h476a015ca219db12E)
420025d8 420025d8       3f     4         /home/mabez/development/rust/embedded/hal/esp-hal/esp32s3-hal/target/xtensa-esp32s3-none-elf/debug/deps/libxtensa_lx_rt-c5c2bd0f530ba6cb.rlib(xtensa_lx_rt-c5c2bd0f530ba6cb.22wricwq25o5qcc3.rcgu.o):(.text._ZN2r09init_data17h476a015ca219db12E)
[...]
   2e5c2    2e5c2     38ec     1         /home/mabez/development/rust/embedded/hal/esp-hal/esp32s3-hal/target/xtensa-esp32s3-none-elf/debug/deps/libcore-e2f6751b9ee27cb4.rlib(core-e2f6751b9ee27cb4.core.0527044f-cgu.8.rcgu.o):(.debug_loc)
   31eae    31eae     4da3     1         /home/mabez/development/rust/embedded/hal/esp-hal/esp32s3-hal/target/xtensa-esp32s3-none-elf/debug/deps/libcore-e2f6751b9ee27cb4.rlib(core-e2f6751b9ee27cb4.core.0527044f-cgu.9.rcgu.o):(.debug_loc)
   36c51    36c51      d25     1         /home/mabez/development/rust/embedded/hal/esp-hal/esp32s3-hal/target/xtensa-esp32s3-none-elf/debug/deps/libcompiler_builtins-23a97809d60e8ea7.rlib(compiler_builtins-23a97809d60e8ea7.compiler_builtins.626f9b0d-cgu.12.rcgu.o):(.debug_loc)
   37976    37976     27d2     1         /home/mabez/development/rust/embedded/hal/esp-hal/esp32s3-hal/target/xtensa-esp32s3-none-elf/debug/deps/libcompiler_builtins-23a97809d60e8ea7.rlib(compiler_builtins-23a97809d60e8ea7.compiler_builtins.626f9b0d-cgu.1.rcgu.o):(.debug_loc)
   3a148    3a148      75a     1         /home/mabez/development/rust/embedded/hal/esp-hal/esp32s3-hal/target/xtensa-esp32s3-none-elf/debug/deps/libcompiler_builtins-23a97809d60e8ea7.rlib(compiler_builtins-23a97809d60e8ea7.compiler_builtins.626f9b0d-cgu.13.rcgu.o):(.debug_loc)
   3a8a2    3a8a2      6b6     1         /home/mabez/development/rust/embedded/hal/esp-hal/esp32s3-hal/target/xtensa-esp32s3-none-elf/debug/deps/libcompiler_builtins-23a97809d60e8ea7.rlib(compiler_builtins-23a97809d60e8ea7.compiler_builtins.626f9b0d-cgu.14.rcgu.o):(.debug_loc)
   3af58    3af58     2a29     1         /home/mabez/development/rust/embedded/hal/esp-hal/esp32s3-hal/target/xtensa-esp32s3-none-elf/debug/deps/libcompiler_builtins-23a97809d60e8ea7.rlib(compiler_builtins-23a97809d60e8ea7.compiler_builtins.626f9b0d-cgu.15.rcgu.o):(.debug_loc)
   3d981    3d981      8e8     1         /home/mabez/development/rust/embedded/hal/esp-hal/esp32s3-hal/target/xtensa-esp32s3-none-elf/debug/deps/libcompiler_builtins-23a97809d60e8ea7.rlib(compiler_builtins-23a97809d60e8ea7.compiler_builtins.626f9b0d-cgu.11.rcgu.o):(.debug_loc)
   3e269    3e269      c63     1         /home/mabez/development/rust/embedded/hal/esp-hal/esp32s3-hal/target/xtensa-esp32s3-none-elf/debug/deps/libcompiler_builtins-23a97809d60e8ea7.rlib(compiler_builtins-23a97809d60e8ea7.compiler_builtins.626f9b0d-cgu.10.rcgu.o):(.debug_loc)
   3eecc    3eecc     1cc1     1         /home/mabez/development/rust/embedded/hal/esp-hal/esp32s3-hal/target/xtensa-esp32s3-none-elf/debug/deps/libcompiler_builtins-23a97809d60e8ea7.rlib(compiler_builtins-23a97809d60e8ea7.compiler_builtins.626f9b0d-cgu.2.rcgu.o):(.debug_loc)
   40b8d    40b8d     222b     1         /home/mabez/development/rust/embedded/hal/esp-hal/esp32s3-hal/target/xtensa-esp32s3-none-elf/debug/deps/libcompiler_builtins-23a97809d60e8ea7.rlib(compiler_builtins-23a97809d60e8ea7.compiler_builtins.626f9b0d-cgu.3.rcgu.o):(.debug_loc)
   42db8    42db8     1f6f     1         /home/mabez/development/rust/embedded/hal/esp-hal/esp32s3-hal/target/xtensa-esp32s3-none-elf/debug/deps/libcompiler_builtins-23a97809d60e8ea7.rlib(compiler_builtins-23a97809d60e8ea7.compiler_builtins.626f9b0d-cgu.4.rcgu.o):(.debug_loc)
   44d27    44d27     1ed2     1         /home/mabez/development/rust/embedded/hal/esp-hal/esp32s3-hal/target/xtensa-esp32s3-none-elf/debug/deps/libcompiler_builtins-23a97809d60e8ea7.rlib(compiler_builtins-23a97809d60e8ea7.compiler_builtins.626f9b0d-cgu.5.rcgu.o):(.debug_loc)
   46bf9    46bf9      bbb     1         /home/mabez/development/rust/embedded/hal/esp-hal/esp32s3-hal/target/xtensa-esp32s3-none-elf/debug/deps/libcompiler_builtins-23a97809d60e8ea7.rlib(compiler_builtins-23a97809d60e8ea7.compiler_builtins.626f9b0d-cgu.6.rcgu.o):(.debug_loc)
   477b4    477b4      dda     1         /home/mabez/development/rust/embedded/hal/esp-hal/esp32s3-hal/target/xtensa-esp32s3-none-elf/debug/deps/libcompiler_builtins-23a97809d60e8ea7.rlib(compiler_builtins-23a97809d60e8ea7.compiler_builtins.626f9b0d-cgu.7.rcgu.o):(.debug_loc)
   4858e    4858e     112c     1         /home/mabez/development/rust/embedded/hal/esp-hal/esp32s3-hal/target/xtensa-esp32s3-none-elf/debug/deps/libcompiler_builtins-23a97809d60e8ea7.rlib(compiler_builtins-23a97809d60e8ea7.compiler_builtins.626f9b0d-cgu.8.rcgu.o):(.debug_loc)
   496ba    496ba      7d7     1         /home/mabez/development/rust/embedded/hal/esp-hal/esp32s3-hal/target/xtensa-esp32s3-none-elf/debug/deps/libcompiler_builtins-23a97809d60e8ea7.rlib(compiler_builtins-23a97809d60e8ea7.compiler_builtins.626f9b0d-cgu.9.rcgu.o):(.debug_loc)
       0        0    136a8     1 .debug_ranges
       0        0       b0     1         /home/mabez/development/rust/embedded/hal/esp-hal/esp32s3-hal/target/xtensa-esp32s3-none-elf/debug/examples/systimer-2f4fec6117af7df6.2bd7nztrhu7tnba6.rcgu.o:(.debug_ranges)
      b0       b0       f0     1         /home/mabez/development/rust/embedded/hal/esp-hal/esp32s3-hal/target/xtensa-esp32s3-none-elf/debug/examples/systimer-2f4fec6117af7df6.2hm2n8q5mbiwidr3.rcgu.o:(.debug_ranges)
     1a0      1a0      678     1         /home/mabez/development/rust/embedded/hal/esp-hal/esp32s3-hal/target/xtensa-esp32s3-none-elf/debug/examples/systimer-2f4fec6117af7df6.2o6r1hj2oicuwov9.rcgu.o:(.debug_ranges)
     818      818      448     1         /home/mabez/development/rust/embedded/hal/esp-hal/esp32s3-hal/target/xtensa-esp32s3-none-elf/debug/examples/systimer-2f4fec6117af7df6.5e7bm3qt4b4cc9w6.rcgu.o:(.debug_ranges)
     c60      c60       18     1         /home/mabez/development/rust/embedded/hal/esp-hal/esp32s3-hal/target/xtensa-esp32s3-none-elf/debug/examples/systimer-2f4fec6117af7df6.heexbxffgt9ydpm.rcgu.o:(.debug_ranges)
     c78      c78       c0     1         /home/mabez/development/rust/embedded/hal/esp-hal/esp32s3-hal/target/xtensa-esp32s3-none-elf/debug/examples/systimer-2f4fec6117af7df6.umej4c1m0diogxy.rcgu.o:(.debug_ranges)
     d38      d38       78     1         /home/mabez/development/rust/embedded/hal/esp-hal/esp32s3-hal/target/xtensa-esp32s3-none-elf/debug/deps/libesp_backtrace-73532fe5b52f3a87.rlib(esp_backtrace-73532fe5b52f3a87.esp_backtrace.6a868f59-cgu.2.rcgu.o):(.debug_ranges)
     db0      db0       20     1         /home/mabez/development/rust/embedded/hal/esp-hal/esp32s3-hal/target/xtensa-esp32s3-none-elf/debug/deps/libesp_backtrace-73532fe5b52f3a87.rlib(esp_backtrace-73532fe5b52f3a87.esp_backtrace.6a868f59-cgu.4.rcgu.o):(.debug_ranges)
     dd0      dd0       48     1         /home/mabez/development/rust/embedded/hal/esp-hal/esp32s3-hal/target/xtensa-esp32s3-none-elf/debug/deps/libesp_backtrace-73532fe5b52f3a87.rlib(esp_backtrace-73532fe5b52f3a87.esp_backtrace.6a868f59-cgu.3.rcgu.o):(.debug_ranges)
     e18      e18      190     1         /home/mabez/development/rust/embedded/hal/esp-hal/esp32s3-hal/target/xtensa-esp32s3-none-elf/debug/deps/libesp_backtrace-73532fe5b52f3a87.rlib(esp_backtrace-73532fe5b52f3a87.esp_backtrace.6a868f59-cgu.1.rcgu.o):(.debug_ranges)
     fa8      fa8       f0     1         /home/mabez/development/rust/embedded/hal/esp-hal/esp32s3-hal/target/xtensa-esp32s3-none-elf/debug/deps/libesp_backtrace-73532fe5b52f3a87.rlib(esp_backtrace-73532fe5b52f3a87.esp_backtrace.6a868f59-cgu.6.rcgu.o):(.debug_ranges)
    1098     1098       28     1         /home/mabez/development/rust/embedded/hal/esp-hal/esp32s3-hal/target/xtensa-esp32s3-none-elf/debug/deps/libesp32s3_hal-1203a97a69cadfef.rlib(esp32s3_hal-1203a97a69cadfef.sc51rf2ap4k8rhr.rcgu.o):(.debug_ranges)
    10c0     10c0       a8     1         /home/mabez/development/rust/embedded/hal/esp-hal/esp32s3-hal/target/xtensa-esp32s3-none-elf/debug/deps/libesp_hal_common-f82109b43944d9aa.rlib(esp_hal_common-f82109b43944d9aa.1ce71tk12aa871o2.rcgu.o):(.debug_ranges)
    1168     1168       60     1         /home/mabez/development/rust/embedded/hal/esp-hal/esp32s3-hal/target/xtensa-esp32s3-none-elf/debug/deps/libesp_hal_common-f82109b43944d9aa.rlib(esp_hal_common-f82109b43944d9aa.1meqyh0c7fiukvb9.rcgu.o):(.debug_ranges)
    11c8     11c8       78     1         /home/mabez/development/rust/embedded/hal/esp-hal/esp32s3-hal/target/xtensa-esp32s3-none-elf/debug/deps/libesp_hal_common-f82109b43944d9aa.rlib(esp_hal_common-f82109b43944d9aa.1w09xqqd3cm3hqp9.rcgu.o):(.debug_ranges)
    1240     1240      270     1         /home/mabez/development/rust/embedded/hal/esp-hal/esp32s3-hal/target/xtensa-esp32s3-none-elf/debug/deps/libesp_hal_common-f82109b43944d9aa.rlib(esp_hal_common-f82109b43944d9aa.3d5uco636e5ax9z4.rcgu.o):(.debug_ranges)
    14b0     14b0       d8     1         /home/mabez/development/rust/embedded/hal/esp-hal/esp32s3-hal/target/xtensa-esp32s3-none-elf/debug/deps/libesp_hal_common-f82109b43944d9aa.rlib(esp_hal_common-f82109b43944d9aa.3lyac2736ft3xjmi.rcgu.o):(.debug_ranges)
    1588     1588       28     1         /home/mabez/development/rust/embedded/hal/esp-hal/esp32s3-hal/target/xtensa-esp32s3-none-elf/debug/deps/libesp_hal_common-f82109b43944d9aa.rlib(esp_hal_common-f82109b43944d9aa.3fj2v6m0xdadhhvh.rcgu.o):(.debug_ranges)
    15b0     15b0       38     1         /home/mabez/development/rust/embedded/hal/esp-hal/esp32s3-hal/target/xtensa-esp32s3-none-elf/debug/deps/libesp_hal_common-f82109b43944d9aa.rlib(esp_hal_common-f82109b43944d9aa.3y60aehw20ln4gkx.rcgu.o):(.debug_ranges)
    15e8     15e8       68     1         /home/mabez/development/rust/embedded/hal/esp-hal/esp32s3-hal/target/xtensa-esp32s3-none-elf/debug/deps/libesp_hal_common-f82109b43944d9aa.rlib(esp_hal_common-f82109b43944d9aa.4vs2ekq7z0wki3so.rcgu.o):(.debug_ranges)
    1650     1650      c28     1         /home/mabez/development/rust/embedded/hal/esp-hal/esp32s3-hal/target/xtensa-esp32s3-none-elf/debug/deps/libesp_hal_common-f82109b43944d9aa.rlib(esp_hal_common-f82109b43944d9aa.53mhv3am4czedjkg.rcgu.o):(.debug_ranges)
    2278     2278      160     1         /home/mabez/development/rust/embedded/hal/esp-hal/esp32s3-hal/target/xtensa-esp32s3-none-elf/debug/deps/libesp_hal_common-f82109b43944d9aa.rlib(esp_hal_common-f82109b43944d9aa.fheknttv4ggllss.rcgu.o):(.debug_ranges)
    23d8     23d8       68     1         /home/mabez/development/rust/embedded/hal/esp-hal/esp32s3-hal/target/xtensa-esp32s3-none-elf/debug/deps/libesp_hal_common-f82109b43944d9aa.rlib(esp_hal_common-f82109b43944d9aa.vknymkvp68q77j7.rcgu.o):(.debug_ranges)
    2440     2440       18     1         /home/mabez/development/rust/embedded/hal/esp-hal/esp32s3-hal/target/xtensa-esp32s3-none-elf/debug/deps/libesp_println-8ede10eb092a1ade.rlib(esp_println-8ede10eb092a1ade.esp_println.db5e150f-cgu.0.rcgu.o):(.debug_ranges)
    2458     2458       78     1         /home/mabez/development/rust/embedded/hal/esp-hal/esp32s3-hal/target/xtensa-esp32s3-none-elf/debug/deps/libxtensa_lx_rt-c5c2bd0f530ba6cb.rlib(xtensa_lx_rt-c5c2bd0f530ba6cb.22wricwq25o5qcc3.rcgu.o):(.debug_ranges)
    24d0     24d0       20     1         /home/mabez/development/rust/embedded/hal/esp-hal/esp32s3-hal/target/xtensa-esp32s3-none-elf/debug/deps/libxtensa_lx_rt-c5c2bd0f530ba6cb.rlib(xtensa_lx_rt-c5c2bd0f530ba6cb.4kymgauumusu7uct.rcgu.o):(.debug_ranges)
    24f0     24f0       a0     1         /home/mabez/development/rust/embedded/hal/esp-hal/esp32s3-hal/target/xtensa-esp32s3-none-elf/debug/deps/libxtensa_lx_rt-c5c2bd0f530ba6cb.rlib(xtensa_lx_rt-c5c2bd0f530ba6cb.l3xbkn92t98qsrh.rcgu.o):(.debug_ranges)
    2590     2590      1c0     1         /home/mabez/development/rust/embedded/hal/esp-hal/esp32s3-hal/target/xtensa-esp32s3-none-elf/debug/deps/libesp32s3-4e878ea174812400.rlib(esp32s3-4e878ea174812400.esp32s3.ef75ec05-cgu.0.rcgu.o):(.debug_ranges)
    2750     2750      e70     1         /home/mabez/development/rust/embedded/hal/esp-hal/esp32s3-hal/target/xtensa-esp32s3-none-elf/debug/deps/libcore-e2f6751b9ee27cb4.rlib(core-e2f6751b9ee27cb4.core.0527044f-cgu.0.rcgu.o):(.debug_ranges)
    35c0     35c0      e48     1         /home/mabez/development/rust/embedded/hal/esp-hal/esp32s3-hal/target/xtensa-esp32s3-none-elf/debug/deps/libcore-e2f6751b9ee27cb4.rlib(core-e2f6751b9ee27cb4.core.0527044f-cgu.10.rcgu.o):(.debug_ranges)
    4408     4408      3a0     1         /home/mabez/development/rust/embedded/hal/esp-hal/esp32s3-hal/target/xtensa-esp32s3-none-elf/debug/deps/libcore-e2f6751b9ee27cb4.rlib(core-e2f6751b9ee27cb4.core.0527044f-cgu.11.rcgu.o):(.debug_ranges)
    47a8     47a8      740     1         /home/mabez/development/rust/embedded/hal/esp-hal/esp32s3-hal/target/xtensa-esp32s3-none-elf/debug/deps/libcore-e2f6751b9ee27cb4.rlib(core-e2f6751b9ee27cb4.core.0527044f-cgu.12.rcgu.o):(.debug_ranges)
    4ee8     4ee8      6b8     1         /home/mabez/development/rust/embedded/hal/esp-hal/esp32s3-hal/target/xtensa-esp32s3-none-elf/debug/deps/libcore-e2f6751b9ee27cb4.rlib(core-e2f6751b9ee27cb4.core.0527044f-cgu.13.rcgu.o):(.debug_ranges)
    55a0     55a0     1178     1         /home/mabez/development/rust/embedded/hal/esp-hal/esp32s3-hal/target/xtensa-esp32s3-none-elf/debug/deps/libcore-e2f6751b9ee27cb4.rlib(core-e2f6751b9ee27cb4.core.0527044f-cgu.15.rcgu.o):(.debug_ranges)
    6718     6718      548     1         /home/mabez/development/rust/embedded/hal/esp-hal/esp32s3-hal/target/xtensa-esp32s3-none-elf/debug/deps/libcore-e2f6751b9ee27cb4.rlib(core-e2f6751b9ee27cb4.core.0527044f-cgu.3.rcgu.o):(.debug_ranges)
    6c60     6c60     1268     1         /home/mabez/development/rust/embedded/hal/esp-hal/esp32s3-hal/target/xtensa-esp32s3-none-elf/debug/deps/libcore-e2f6751b9ee27cb4.rlib(core-e2f6751b9ee27cb4.core.0527044f-cgu.4.rcgu.o):(.debug_ranges)
    7ec8     7ec8      b60     1         /home/mabez/development/rust/embedded/hal/esp-hal/esp32s3-hal/target/xtensa-esp32s3-none-elf/debug/deps/libcore-e2f6751b9ee27cb4.rlib(core-e2f6751b9ee27cb4.core.0527044f-cgu.14.rcgu.o):(.debug_ranges)
    8a28     8a28      cf0     1         /home/mabez/development/rust/embedded/hal/esp-hal/esp32s3-hal/target/xtensa-esp32s3-none-elf/debug/deps/libcore-e2f6751b9ee27cb4.rlib(core-e2f6751b9ee27cb4.core.0527044f-cgu.5.rcgu.o):(.debug_ranges)
    9718     9718     10a8     1         /home/mabez/development/rust/embedded/hal/esp-hal/esp32s3-hal/target/xtensa-esp32s3-none-elf/debug/deps/libcore-e2f6751b9ee27cb4.rlib(core-e2f6751b9ee27cb4.core.0527044f-cgu.6.rcgu.o):(.debug_ranges)
    a7c0     a7c0      a10     1         /home/mabez/development/rust/embedded/hal/esp-hal/esp32s3-hal/target/xtensa-esp32s3-none-elf/debug/deps/libcore-e2f6751b9ee27cb4.rlib(core-e2f6751b9ee27cb4.core.0527044f-cgu.7.rcgu.o):(.debug_ranges)
    b1d0     b1d0     1110     1         /home/mabez/development/rust/embedded/hal/esp-hal/esp32s3-hal/target/xtensa-esp32s3-none-elf/debug/deps/libcore-e2f6751b9ee27cb4.rlib(core-e2f6751b9ee27cb4.core.0527044f-cgu.1.rcgu.o):(.debug_ranges)
    c2e0     c2e0      b10     1         /home/mabez/development/rust/embedded/hal/esp-hal/esp32s3-hal/target/xtensa-esp32s3-none-elf/debug/deps/libcore-e2f6751b9ee27cb4.rlib(core-e2f6751b9ee27cb4.core.0527044f-cgu.8.rcgu.o):(.debug_ranges)
    cdf0     cdf0      db0     1         /home/mabez/development/rust/embedded/hal/esp-hal/esp32s3-hal/target/xtensa-esp32s3-none-elf/debug/deps/libcore-e2f6751b9ee27cb4.rlib(core-e2f6751b9ee27cb4.core.0527044f-cgu.9.rcgu.o):(.debug_ranges)
    dba0     dba0      218     1         /home/mabez/development/rust/embedded/hal/esp-hal/esp32s3-hal/target/xtensa-esp32s3-none-elf/debug/deps/libcompiler_builtins-23a97809d60e8ea7.rlib(compiler_builtins-23a97809d60e8ea7.compiler_builtins.626f9b0d-cgu.12.rcgu.o):(.debug_ranges)
    ddb8     ddb8      5b0     1         /home/mabez/development/rust/embedded/hal/esp-hal/esp32s3-hal/target/xtensa-esp32s3-none-elf/debug/deps/libcompiler_builtins-23a97809d60e8ea7.rlib(compiler_builtins-23a97809d60e8ea7.compiler_builtins.626f9b0d-cgu.1.rcgu.o):(.debug_ranges)
    e368     e368      398     1         /home/mabez/development/rust/embedded/hal/esp-hal/esp32s3-hal/target/xtensa-esp32s3-none-elf/debug/deps/libcompiler_builtins-23a97809d60e8ea7.rlib(compiler_builtins-23a97809d60e8ea7.compiler_builtins.626f9b0d-cgu.13.rcgu.o):(.debug_ranges)
    e700     e700      390     1         /home/mabez/development/rust/embedded/hal/esp-hal/esp32s3-hal/target/xtensa-esp32s3-none-elf/debug/deps/libcompiler_builtins-23a97809d60e8ea7.rlib(compiler_builtins-23a97809d60e8ea7.compiler_builtins.626f9b0d-cgu.14.rcgu.o):(.debug_ranges)
    ea90     ea90      4a0     1         /home/mabez/development/rust/embedded/hal/esp-hal/esp32s3-hal/target/xtensa-esp32s3-none-elf/debug/deps/libcompiler_builtins-23a97809d60e8ea7.rlib(compiler_builtins-23a97809d60e8ea7.compiler_builtins.626f9b0d-cgu.15.rcgu.o):(.debug_ranges)
    ef30     ef30      388     1         /home/mabez/development/rust/embedded/hal/esp-hal/esp32s3-hal/target/xtensa-esp32s3-none-elf/debug/deps/libcompiler_builtins-23a97809d60e8ea7.rlib(compiler_builtins-23a97809d60e8ea7.compiler_builtins.626f9b0d-cgu.11.rcgu.o):(.debug_ranges)
    f2b8     f2b8      3a0     1         /home/mabez/development/rust/embedded/hal/esp-hal/esp32s3-hal/target/xtensa-esp32s3-none-elf/debug/deps/libcompiler_builtins-23a97809d60e8ea7.rlib(compiler_builtins-23a97809d60e8ea7.compiler_builtins.626f9b0d-cgu.10.rcgu.o):(.debug_ranges)
    f658     f658      c80     1         /home/mabez/development/rust/embedded/hal/esp-hal/esp32s3-hal/target/xtensa-esp32s3-none-elf/debug/deps/libcompiler_builtins-23a97809d60e8ea7.rlib(compiler_builtins-23a97809d60e8ea7.compiler_builtins.626f9b0d-cgu.2.rcgu.o):(.debug_ranges)
   102d8    102d8     11d8     1         /home/mabez/development/rust/embedded/hal/esp-hal/esp32s3-hal/target/xtensa-esp32s3-none-elf/debug/deps/libcompiler_builtins-23a97809d60e8ea7.rlib(compiler_builtins-23a97809d60e8ea7.compiler_builtins.626f9b0d-cgu.3.rcgu.o):(.debug_ranges)
   114b0    114b0      fe0     1         /home/mabez/development/rust/embedded/hal/esp-hal/esp32s3-hal/target/xtensa-esp32s3-none-elf/debug/deps/libcompiler_builtins-23a97809d60e8ea7.rlib(compiler_builtins-23a97809d60e8ea7.compiler_builtins.626f9b0d-cgu.4.rcgu.o):(.debug_ranges)
   12490    12490      4f0     1         /home/mabez/development/rust/embedded/hal/esp-hal/esp32s3-hal/target/xtensa-esp32s3-none-elf/debug/deps/libcompiler_builtins-23a97809d60e8ea7.rlib(compiler_builtins-23a97809d60e8ea7.compiler_builtins.626f9b0d-cgu.5.rcgu.o):(.debug_ranges)
   12980    12980      290     1         /home/mabez/development/rust/embedded/hal/esp-hal/esp32s3-hal/target/xtensa-esp32s3-none-elf/debug/deps/libcompiler_builtins-23a97809d60e8ea7.rlib(compiler_builtins-23a97809d60e8ea7.compiler_builtins.626f9b0d-cgu.6.rcgu.o):(.debug_ranges)
   12c10    12c10      400     1         /home/mabez/development/rust/embedded/hal/esp-hal/esp32s3-hal/target/xtensa-esp32s3-none-elf/debug/deps/libcompiler_builtins-23a97809d60e8ea7.rlib(compiler_builtins-23a97809d60e8ea7.compiler_builtins.626f9b0d-cgu.7.rcgu.o):(.debug_ranges)
   13010    13010      4c0     1         /home/mabez/development/rust/embedded/hal/esp-hal/esp32s3-hal/target/xtensa-esp32s3-none-elf/debug/deps/libcompiler_builtins-23a97809d60e8ea7.rlib(compiler_builtins-23a97809d60e8ea7.compiler_builtins.626f9b0d-cgu.8.rcgu.o):(.debug_ranges)
   134d0    134d0      1d8     1         /home/mabez/development/rust/embedded/hal/esp-hal/esp32s3-hal/target/xtensa-esp32s3-none-elf/debug/deps/libcompiler_builtins-23a97809d60e8ea7.rlib(compiler_builtins-23a97809d60e8ea7.compiler_builtins.626f9b0d-cgu.9.rcgu.o):(.debug_ranges)
       0        0       13     1 .comment
       0        0       13     1         <internal>:(.comment)
       0        0     2f20     4 .symtab
       0        0     2f20     4         <internal>:(.symtab)
       0        0      1f6     1 .shstrtab
       0        0      1f6     1         <internal>:(.shstrtab)
       0        0     8c2e     1 .strtab
       0        0     8c2e     1         <internal>:(.strtab)
